Archive member included to satisfy reference by file (symbol)

c:/avr8-gnu-toolchain-win32_x86/bin/../lib/gcc/avr/5.4.0/avr51\libgcc.a(_exit.o)
                              c:/avr8-gnu-toolchain-win32_x86/bin/../lib/gcc/avr/5.4.0/../../../../avr/lib/avr51/crtatmega128.o (exit)
c:/avr8-gnu-toolchain-win32_x86/bin/../lib/gcc/avr/5.4.0/avr51\libgcc.a(_copy_data.o)
                              ./src/STDIO_UART.o (__do_copy_data)
c:/avr8-gnu-toolchain-win32_x86/bin/../lib/gcc/avr/5.4.0/avr51\libgcc.a(_clear_bss.o)
                              ./src/mainRX.o (__do_clear_bss)
c:/avr8-gnu-toolchain-win32_x86/bin/../lib/gcc/avr/5.4.0/../../../../avr/lib/avr51\libm.a(cmpsf2.o)
                              ./src/mainRX.o (__ltsf2)
c:/avr8-gnu-toolchain-win32_x86/bin/../lib/gcc/avr/5.4.0/../../../../avr/lib/avr51\libm.a(divsf3.o)
                              ./src/nrf24l01.o (__divsf3)
c:/avr8-gnu-toolchain-win32_x86/bin/../lib/gcc/avr/5.4.0/../../../../avr/lib/avr51\libm.a(divsf3x.o)
                              c:/avr8-gnu-toolchain-win32_x86/bin/../lib/gcc/avr/5.4.0/../../../../avr/lib/avr51\libm.a(divsf3.o) (__divsf3x)
c:/avr8-gnu-toolchain-win32_x86/bin/../lib/gcc/avr/5.4.0/../../../../avr/lib/avr51\libm.a(fixunssfsi.o)
                              ./src/mainRX.o (__fixunssfsi)
c:/avr8-gnu-toolchain-win32_x86/bin/../lib/gcc/avr/5.4.0/../../../../avr/lib/avr51\libm.a(fp_cmp.o)
                              c:/avr8-gnu-toolchain-win32_x86/bin/../lib/gcc/avr/5.4.0/../../../../avr/lib/avr51\libm.a(cmpsf2.o) (__fp_cmp)
c:/avr8-gnu-toolchain-win32_x86/bin/../lib/gcc/avr/5.4.0/../../../../avr/lib/avr51\libm.a(fp_inf.o)
                              c:/avr8-gnu-toolchain-win32_x86/bin/../lib/gcc/avr/5.4.0/../../../../avr/lib/avr51\libm.a(divsf3x.o) (__fp_inf)
c:/avr8-gnu-toolchain-win32_x86/bin/../lib/gcc/avr/5.4.0/../../../../avr/lib/avr51\libm.a(fp_nan.o)
                              c:/avr8-gnu-toolchain-win32_x86/bin/../lib/gcc/avr/5.4.0/../../../../avr/lib/avr51\libm.a(divsf3x.o) (__fp_nan)
c:/avr8-gnu-toolchain-win32_x86/bin/../lib/gcc/avr/5.4.0/../../../../avr/lib/avr51\libm.a(fp_pscA.o)
                              c:/avr8-gnu-toolchain-win32_x86/bin/../lib/gcc/avr/5.4.0/../../../../avr/lib/avr51\libm.a(divsf3x.o) (__fp_pscA)
c:/avr8-gnu-toolchain-win32_x86/bin/../lib/gcc/avr/5.4.0/../../../../avr/lib/avr51\libm.a(fp_pscB.o)
                              c:/avr8-gnu-toolchain-win32_x86/bin/../lib/gcc/avr/5.4.0/../../../../avr/lib/avr51\libm.a(divsf3x.o) (__fp_pscB)
c:/avr8-gnu-toolchain-win32_x86/bin/../lib/gcc/avr/5.4.0/../../../../avr/lib/avr51\libm.a(fp_round.o)
                              c:/avr8-gnu-toolchain-win32_x86/bin/../lib/gcc/avr/5.4.0/../../../../avr/lib/avr51\libm.a(divsf3.o) (__fp_round)
c:/avr8-gnu-toolchain-win32_x86/bin/../lib/gcc/avr/5.4.0/../../../../avr/lib/avr51\libm.a(fp_split3.o)
                              c:/avr8-gnu-toolchain-win32_x86/bin/../lib/gcc/avr/5.4.0/../../../../avr/lib/avr51\libm.a(divsf3x.o) (__fp_split3)
c:/avr8-gnu-toolchain-win32_x86/bin/../lib/gcc/avr/5.4.0/../../../../avr/lib/avr51\libm.a(fp_zero.o)
                              c:/avr8-gnu-toolchain-win32_x86/bin/../lib/gcc/avr/5.4.0/../../../../avr/lib/avr51\libm.a(fixunssfsi.o) (__fp_zero)
c:/avr8-gnu-toolchain-win32_x86/bin/../lib/gcc/avr/5.4.0/../../../../avr/lib/avr51\libm.a(gesf2.o)
                              ./src/mainRX.o (__gtsf2)
c:/avr8-gnu-toolchain-win32_x86/bin/../lib/gcc/avr/5.4.0/../../../../avr/lib/avr51\libm.a(mulsf3.o)
                              ./src/mainRX.o (__mulsf3)
c:/avr8-gnu-toolchain-win32_x86/bin/../lib/gcc/avr/5.4.0/../../../../avr/lib/avr51\libm.a(mulsf3x.o)
                              c:/avr8-gnu-toolchain-win32_x86/bin/../lib/gcc/avr/5.4.0/../../../../avr/lib/avr51\libm.a(mulsf3.o) (__mulsf3x)
c:/avr8-gnu-toolchain-win32_x86/bin/../lib/gcc/avr/5.4.0/../../../../avr/lib/avr51\libc.a(memset.o)
                              ./src/nrf24l01.o (memset)
c:/avr8-gnu-toolchain-win32_x86/bin/../lib/gcc/avr/5.4.0/../../../../avr/lib/avr51\libc.a(strcpy.o)
                              ./src/nrf24l01.o (strcpy)
c:/avr8-gnu-toolchain-win32_x86/bin/../lib/gcc/avr/5.4.0/../../../../avr/lib/avr51\libc.a(strlen.o)
                              ./src/nrf24l01.o (strlen)
c:/avr8-gnu-toolchain-win32_x86/bin/../lib/gcc/avr/5.4.0/../../../../avr/lib/avr51\libc.a(iob.o)
                              ./src/STDIO_UART.o (__iob)
c:/avr8-gnu-toolchain-win32_x86/bin/../lib/gcc/avr/5.4.0/../../../../avr/lib/avr51\libc.a(printf.o)
                              ./src/mainRX.o (printf)
c:/avr8-gnu-toolchain-win32_x86/bin/../lib/gcc/avr/5.4.0/../../../../avr/lib/avr51\libc.a(puts.o)
                              ./src/mainRX.o (puts)
c:/avr8-gnu-toolchain-win32_x86/bin/../lib/gcc/avr/5.4.0/../../../../avr/lib/avr51\libc.a(vsnprintf.o)
                              ./src/myLCD.o (vsnprintf)
c:/avr8-gnu-toolchain-win32_x86/bin/../lib/gcc/avr/5.4.0/../../../../avr/lib/avr51\libc.a(vfprintf_std.o)
                              c:/avr8-gnu-toolchain-win32_x86/bin/../lib/gcc/avr/5.4.0/../../../../avr/lib/avr51\libc.a(printf.o) (vfprintf)
c:/avr8-gnu-toolchain-win32_x86/bin/../lib/gcc/avr/5.4.0/../../../../avr/lib/avr51\libc.a(strnlen_P.o)
                              c:/avr8-gnu-toolchain-win32_x86/bin/../lib/gcc/avr/5.4.0/../../../../avr/lib/avr51\libc.a(vfprintf_std.o) (strnlen_P)
c:/avr8-gnu-toolchain-win32_x86/bin/../lib/gcc/avr/5.4.0/../../../../avr/lib/avr51\libc.a(strnlen.o)
                              c:/avr8-gnu-toolchain-win32_x86/bin/../lib/gcc/avr/5.4.0/../../../../avr/lib/avr51\libc.a(vfprintf_std.o) (strnlen)
c:/avr8-gnu-toolchain-win32_x86/bin/../lib/gcc/avr/5.4.0/../../../../avr/lib/avr51\libc.a(fputc.o)
                              c:/avr8-gnu-toolchain-win32_x86/bin/../lib/gcc/avr/5.4.0/../../../../avr/lib/avr51\libc.a(vfprintf_std.o) (fputc)
c:/avr8-gnu-toolchain-win32_x86/bin/../lib/gcc/avr/5.4.0/../../../../avr/lib/avr51\libc.a(ultoa_invert.o)
                              c:/avr8-gnu-toolchain-win32_x86/bin/../lib/gcc/avr/5.4.0/../../../../avr/lib/avr51\libc.a(vfprintf_std.o) (__ultoa_invert)

Allocating common symbols
Common symbol       size              file

data                0x1               ./src/nrf24l01.o
__iob               0x6               c:/avr8-gnu-toolchain-win32_x86/bin/../lib/gcc/avr/5.4.0/../../../../avr/lib/avr51\libc.a(iob.o)

Memory Configuration

Name             Origin             Length             Attributes
text             0x00000000         0x00020000         xr
data             0x00800100         0x00001000         rw !x
eeprom           0x00810000         0x00001000         rw !x
fuse             0x00820000         0x00000003         rw !x
lock             0x00830000         0x00000400         rw !x
signature        0x00840000         0x00000400         rw !x
user_signatures  0x00850000         0x00000400         rw !x
*default*        0x00000000         0xffffffff

Linker script and memory map

Address of section .data set to 0x800100
LOAD c:/avr8-gnu-toolchain-win32_x86/bin/../lib/gcc/avr/5.4.0/../../../../avr/lib/avr51/crtatmega128.o
LOAD ./src/STDIO_UART.o
LOAD ./src/mainRX.o
LOAD ./src/myLCD.o
LOAD ./src/nrf24l01.o
LOAD ./src/spi.o
START GROUP
LOAD c:/avr8-gnu-toolchain-win32_x86/bin/../lib/gcc/avr/5.4.0/avr51\libgcc.a
LOAD c:/avr8-gnu-toolchain-win32_x86/bin/../lib/gcc/avr/5.4.0/../../../../avr/lib/avr51\libm.a
LOAD c:/avr8-gnu-toolchain-win32_x86/bin/../lib/gcc/avr/5.4.0/../../../../avr/lib/avr51\libc.a
LOAD c:/avr8-gnu-toolchain-win32_x86/bin/../lib/gcc/avr/5.4.0/../../../../avr/lib/avr51\libatmega128.a
END GROUP
                0x00000000                __TEXT_REGION_ORIGIN__ = DEFINED (__TEXT_REGION_ORIGIN__)?__TEXT_REGION_ORIGIN__:0x0
                [0x00800100]                __DATA_REGION_ORIGIN__ = DEFINED (__DATA_REGION_ORIGIN__)?__DATA_REGION_ORIGIN__:0x800100
                [0x00020000]                __TEXT_REGION_LENGTH__ = DEFINED (__TEXT_REGION_LENGTH__)?__TEXT_REGION_LENGTH__:0x20000
                [0x00001000]                __DATA_REGION_LENGTH__ = DEFINED (__DATA_REGION_LENGTH__)?__DATA_REGION_LENGTH__:0xff00
                [0x00001000]                __EEPROM_REGION_LENGTH__ = DEFINED (__EEPROM_REGION_LENGTH__)?__EEPROM_REGION_LENGTH__:0x10000
                [0x00000003]                __FUSE_REGION_LENGTH__ = DEFINED (__FUSE_REGION_LENGTH__)?__FUSE_REGION_LENGTH__:0x400
                0x00000400                __LOCK_REGION_LENGTH__ = DEFINED (__LOCK_REGION_LENGTH__)?__LOCK_REGION_LENGTH__:0x400
                0x00000400                __SIGNATURE_REGION_LENGTH__ = DEFINED (__SIGNATURE_REGION_LENGTH__)?__SIGNATURE_REGION_LENGTH__:0x400
                0x00000400                __USER_SIGNATURE_REGION_LENGTH__ = DEFINED (__USER_SIGNATURE_REGION_LENGTH__)?__USER_SIGNATURE_REGION_LENGTH__:0x400

.hash
 *(.hash)

.dynsym
 *(.dynsym)

.dynstr
 *(.dynstr)

.gnu.version
 *(.gnu.version)

.gnu.version_d
 *(.gnu.version_d)

.gnu.version_r
 *(.gnu.version_r)

.rel.init
 *(.rel.init)

.rela.init
 *(.rela.init)

.rel.text
 *(.rel.text)
 *(.rel.text.*)
 *(.rel.gnu.linkonce.t*)

.rela.text
 *(.rela.text)
 *(.rela.text.*)
 *(.rela.gnu.linkonce.t*)

.rel.fini
 *(.rel.fini)

.rela.fini
 *(.rela.fini)

.rel.rodata
 *(.rel.rodata)
 *(.rel.rodata.*)
 *(.rel.gnu.linkonce.r*)

.rela.rodata
 *(.rela.rodata)
 *(.rela.rodata.*)
 *(.rela.gnu.linkonce.r*)

.rel.data
 *(.rel.data)
 *(.rel.data.*)
 *(.rel.gnu.linkonce.d*)

.rela.data
 *(.rela.data)
 *(.rela.data.*)
 *(.rela.gnu.linkonce.d*)

.rel.ctors
 *(.rel.ctors)

.rela.ctors
 *(.rela.ctors)

.rel.dtors
 *(.rel.dtors)

.rela.dtors
 *(.rela.dtors)

.rel.got
 *(.rel.got)

.rela.got
 *(.rela.got)

.rel.bss
 *(.rel.bss)

.rela.bss
 *(.rela.bss)

.rel.plt
 *(.rel.plt)

.rela.plt
 *(.rela.plt)

.text           0x00000000     0x26a4
 *(.vectors)
 .vectors       0x00000000       0x8c c:/avr8-gnu-toolchain-win32_x86/bin/../lib/gcc/avr/5.4.0/../../../../avr/lib/avr51/crtatmega128.o
                0x00000000                __vector_default
                0x00000000                __vectors
 *(.vectors)
 *(.progmem.gcc*)
                0x0000008c                . = ALIGN (0x2)
                0x0000008c                __trampolines_start = .
 *(.trampolines)
 .trampolines   0x0000008c        0x0 linker stubs
 *(.trampolines*)
                0x0000008c                __trampolines_end = .
 *libprintf_flt.a:*(.progmem.data)
 *libc.a:*(.progmem.data)
 *(.progmem*)
                0x0000008c                . = ALIGN (0x2)
 *(.jumptables)
 *(.jumptables*)
 *(.lowtext)
 *(.lowtext*)
                0x0000008c                __ctors_start = .
 *(.ctors)
                0x0000008c                __ctors_end = .
                0x0000008c                __dtors_start = .
 *(.dtors)
                0x0000008c                __dtors_end = .
 SORT(*)(.ctors)
 SORT(*)(.dtors)
 *(.init0)
 .init0         0x0000008c        0x0 c:/avr8-gnu-toolchain-win32_x86/bin/../lib/gcc/avr/5.4.0/../../../../avr/lib/avr51/crtatmega128.o
                0x0000008c                __init
 *(.init0)
 *(.init1)
 *(.init1)
 *(.init2)
 .init2         0x0000008c        0xc c:/avr8-gnu-toolchain-win32_x86/bin/../lib/gcc/avr/5.4.0/../../../../avr/lib/avr51/crtatmega128.o
 *(.init2)
 *(.init3)
 *(.init3)
 *(.init4)
 .init4         0x00000098       0x1a c:/avr8-gnu-toolchain-win32_x86/bin/../lib/gcc/avr/5.4.0/avr51\libgcc.a(_copy_data.o)
                0x00000098                __do_copy_data
 .init4         0x000000b2       0x10 c:/avr8-gnu-toolchain-win32_x86/bin/../lib/gcc/avr/5.4.0/avr51\libgcc.a(_clear_bss.o)
                0x000000b2                __do_clear_bss
 *(.init4)
 *(.init5)
 *(.init5)
 *(.init6)
 *(.init6)
 *(.init7)
 *(.init7)
 *(.init8)
 *(.init8)
 *(.init9)
 .init9         0x000000c2        0x8 c:/avr8-gnu-toolchain-win32_x86/bin/../lib/gcc/avr/5.4.0/../../../../avr/lib/avr51/crtatmega128.o
 *(.init9)
 *(.text)
 .text          0x000000ca        0x4 c:/avr8-gnu-toolchain-win32_x86/bin/../lib/gcc/avr/5.4.0/../../../../avr/lib/avr51/crtatmega128.o
                0x000000ca                __vector_22
                0x000000ca                __vector_28
                0x000000ca                __vector_32
                0x000000ca                __vector_34
                0x000000ca                __vector_24
                0x000000ca                __vector_12
                0x000000ca                __bad_interrupt
                0x000000ca                __vector_6
                0x000000ca                __vector_31
                0x000000ca                __vector_3
                0x000000ca                __vector_23
                0x000000ca                __vector_30
                0x000000ca                __vector_25
                0x000000ca                __vector_11
                0x000000ca                __vector_13
                0x000000ca                __vector_17
                0x000000ca                __vector_19
                0x000000ca                __vector_7
                0x000000ca                __vector_27
                0x000000ca                __vector_5
                0x000000ca                __vector_33
                0x000000ca                __vector_4
                0x000000ca                __vector_9
                0x000000ca                __vector_2
                0x000000ca                __vector_21
                0x000000ca                __vector_15
                0x000000ca                __vector_29
                0x000000ca                __vector_8
                0x000000ca                __vector_26
                0x000000ca                __vector_14
                0x000000ca                __vector_10
                0x000000ca                __vector_16
                0x000000ca                __vector_18
                0x000000ca                __vector_20
 .text          0x000000ce        0x0 ./src/STDIO_UART.o
 .text          0x000000ce        0x0 ./src/mainRX.o
 .text          0x000000ce        0x0 ./src/myLCD.o
 .text          0x000000ce        0x0 ./src/nrf24l01.o
 .text          0x000000ce        0x0 ./src/spi.o
 .text          0x000000ce        0x0 c:/avr8-gnu-toolchain-win32_x86/bin/../lib/gcc/avr/5.4.0/avr51\libgcc.a(_exit.o)
 .text          0x000000ce        0x0 c:/avr8-gnu-toolchain-win32_x86/bin/../lib/gcc/avr/5.4.0/avr51\libgcc.a(_copy_data.o)
 .text          0x000000ce        0x0 c:/avr8-gnu-toolchain-win32_x86/bin/../lib/gcc/avr/5.4.0/avr51\libgcc.a(_clear_bss.o)
 .text          0x000000ce        0x0 c:/avr8-gnu-toolchain-win32_x86/bin/../lib/gcc/avr/5.4.0/../../../../avr/lib/avr51\libm.a(cmpsf2.o)
 .text          0x000000ce        0x0 c:/avr8-gnu-toolchain-win32_x86/bin/../lib/gcc/avr/5.4.0/../../../../avr/lib/avr51\libm.a(divsf3.o)
 .text          0x000000ce        0x0 c:/avr8-gnu-toolchain-win32_x86/bin/../lib/gcc/avr/5.4.0/../../../../avr/lib/avr51\libm.a(divsf3x.o)
 .text          0x000000ce        0x0 c:/avr8-gnu-toolchain-win32_x86/bin/../lib/gcc/avr/5.4.0/../../../../avr/lib/avr51\libm.a(fixunssfsi.o)
 .text          0x000000ce        0x0 c:/avr8-gnu-toolchain-win32_x86/bin/../lib/gcc/avr/5.4.0/../../../../avr/lib/avr51\libm.a(fp_cmp.o)
 .text          0x000000ce        0x0 c:/avr8-gnu-toolchain-win32_x86/bin/../lib/gcc/avr/5.4.0/../../../../avr/lib/avr51\libm.a(fp_inf.o)
 .text          0x000000ce        0x0 c:/avr8-gnu-toolchain-win32_x86/bin/../lib/gcc/avr/5.4.0/../../../../avr/lib/avr51\libm.a(fp_nan.o)
 .text          0x000000ce        0x0 c:/avr8-gnu-toolchain-win32_x86/bin/../lib/gcc/avr/5.4.0/../../../../avr/lib/avr51\libm.a(fp_pscA.o)
 .text          0x000000ce        0x0 c:/avr8-gnu-toolchain-win32_x86/bin/../lib/gcc/avr/5.4.0/../../../../avr/lib/avr51\libm.a(fp_pscB.o)
 .text          0x000000ce        0x0 c:/avr8-gnu-toolchain-win32_x86/bin/../lib/gcc/avr/5.4.0/../../../../avr/lib/avr51\libm.a(fp_round.o)
 .text          0x000000ce        0x0 c:/avr8-gnu-toolchain-win32_x86/bin/../lib/gcc/avr/5.4.0/../../../../avr/lib/avr51\libm.a(fp_split3.o)
 .text          0x000000ce        0x0 c:/avr8-gnu-toolchain-win32_x86/bin/../lib/gcc/avr/5.4.0/../../../../avr/lib/avr51\libm.a(fp_zero.o)
 .text          0x000000ce        0x0 c:/avr8-gnu-toolchain-win32_x86/bin/../lib/gcc/avr/5.4.0/../../../../avr/lib/avr51\libm.a(gesf2.o)
 .text          0x000000ce        0x0 c:/avr8-gnu-toolchain-win32_x86/bin/../lib/gcc/avr/5.4.0/../../../../avr/lib/avr51\libm.a(mulsf3.o)
 .text          0x000000ce        0x0 c:/avr8-gnu-toolchain-win32_x86/bin/../lib/gcc/avr/5.4.0/../../../../avr/lib/avr51\libm.a(mulsf3x.o)
 .text          0x000000ce        0x0 c:/avr8-gnu-toolchain-win32_x86/bin/../lib/gcc/avr/5.4.0/../../../../avr/lib/avr51\libc.a(memset.o)
 .text          0x000000ce        0x0 c:/avr8-gnu-toolchain-win32_x86/bin/../lib/gcc/avr/5.4.0/../../../../avr/lib/avr51\libc.a(strcpy.o)
 .text          0x000000ce        0x0 c:/avr8-gnu-toolchain-win32_x86/bin/../lib/gcc/avr/5.4.0/../../../../avr/lib/avr51\libc.a(strlen.o)
 .text          0x000000ce        0x0 c:/avr8-gnu-toolchain-win32_x86/bin/../lib/gcc/avr/5.4.0/../../../../avr/lib/avr51\libc.a(iob.o)
 .text          0x000000ce        0x0 c:/avr8-gnu-toolchain-win32_x86/bin/../lib/gcc/avr/5.4.0/../../../../avr/lib/avr51\libc.a(printf.o)
 .text          0x000000ce        0x0 c:/avr8-gnu-toolchain-win32_x86/bin/../lib/gcc/avr/5.4.0/../../../../avr/lib/avr51\libc.a(puts.o)
 .text          0x000000ce        0x0 c:/avr8-gnu-toolchain-win32_x86/bin/../lib/gcc/avr/5.4.0/../../../../avr/lib/avr51\libc.a(vsnprintf.o)
 .text          0x000000ce        0x0 c:/avr8-gnu-toolchain-win32_x86/bin/../lib/gcc/avr/5.4.0/../../../../avr/lib/avr51\libc.a(vfprintf_std.o)
 .text          0x000000ce        0x0 c:/avr8-gnu-toolchain-win32_x86/bin/../lib/gcc/avr/5.4.0/../../../../avr/lib/avr51\libc.a(strnlen_P.o)
 .text          0x000000ce        0x0 c:/avr8-gnu-toolchain-win32_x86/bin/../lib/gcc/avr/5.4.0/../../../../avr/lib/avr51\libc.a(strnlen.o)
 .text          0x000000ce        0x0 c:/avr8-gnu-toolchain-win32_x86/bin/../lib/gcc/avr/5.4.0/../../../../avr/lib/avr51\libc.a(fputc.o)
 .text          0x000000ce        0x0 c:/avr8-gnu-toolchain-win32_x86/bin/../lib/gcc/avr/5.4.0/../../../../avr/lib/avr51\libc.a(ultoa_invert.o)
                0x000000ce                . = ALIGN (0x2)
 *(.text.*)
 .text.uart_init
                0x000000ce       0x44 ./src/STDIO_UART.o
                0x000000ce                uart_init
 .text.uart_putchar
                0x00000112       0x52 ./src/STDIO_UART.o
                0x00000112                uart_putchar
 .text.uart_getchar
                0x00000164       0x30 ./src/STDIO_UART.o
                0x00000164                uart_getchar
 .text.PWM_vInit
                0x00000194       0x38 ./src/mainRX.o
                0x00000194                PWM_vInit
 .text.PWM_vSetDutyCycle
                0x000001cc       0x3a ./src/mainRX.o
                0x000001cc                PWM_vSetDutyCycle
 .text.thuan    0x00000206       0x34 ./src/mainRX.o
                0x00000206                thuan
 .text.nghich   0x0000023a       0x34 ./src/mainRX.o
                0x0000023a                nghich
 .text.USART0_vInit
                0x0000026e       0x36 ./src/mainRX.o
                0x0000026e                USART0_vInit
 .text.USART0_vReceiveByte
                0x000002a4       0x24 ./src/mainRX.o
                0x000002a4                USART0_vReceiveByte
 .text.main     0x000002c8      0x2ee ./src/mainRX.o
                0x000002c8                main
 .text.__vector_1
                0x000005b6       0x64 ./src/mainRX.o
                0x000005b6                __vector_1
 .text.init_IO  0x0000061a       0x58 ./src/mainRX.o
                0x0000061a                init_IO
 .text.print_config
                0x00000672      0x1dc ./src/mainRX.o
                0x00000672                print_config
 .text.Read2Nib
                0x0000084e       0xca ./src/myLCD.o
                0x0000084e                Read2Nib
 .text.Write2Nib
                0x00000918       0xa8 ./src/myLCD.o
                0x00000918                Write2Nib
 .text.Write8Bit
                0x000009c0       0x44 ./src/myLCD.o
                0x000009c0                Write8Bit
 .text.wait_LCD
                0x00000a04       0x6a ./src/myLCD.o
                0x00000a04                wait_LCD
 .text.init_LCD
                0x00000a6e       0xd6 ./src/myLCD.o
                0x00000a6e                init_LCD
 .text.home_LCD
                0x00000b44       0x2c ./src/myLCD.o
                0x00000b44                home_LCD
 .text.move_LCD
                0x00000b70       0x54 ./src/myLCD.o
                0x00000b70                move_LCD
 .text.clr_LCD  0x00000bc4       0x2c ./src/myLCD.o
                0x00000bc4                clr_LCD
 .text.putChar_LCD
                0x00000bf0       0x32 ./src/myLCD.o
                0x00000bf0                putChar_LCD
 .text.putStr_LCD
                0x00000c22       0x54 ./src/myLCD.o
                0x00000c22                putStr_LCD
 .text.printf_LCD
                0x00000c76       0x3c ./src/myLCD.o
                0x00000c76                printf_LCD
 .text.nrf24_send_spi
                0x00000cb2       0xaa ./src/nrf24l01.o
                0x00000cb2                nrf24_send_spi
 .text.nrf24_write
                0x00000d5c       0x40 ./src/nrf24l01.o
                0x00000d5c                nrf24_write
 .text.nrf24_read
                0x00000d9c       0x3a ./src/nrf24l01.o
                0x00000d9c                nrf24_read
 .text.nrf24_init
                0x00000dd6      0x292 ./src/nrf24l01.o
                0x00000dd6                nrf24_init
 .text.nrf24_write_ack
                0x00001068       0x80 ./src/nrf24l01.o
                0x00001068                nrf24_write_ack
 .text.nrf24_state
                0x000010e8      0x3fa ./src/nrf24l01.o
                0x000010e8                nrf24_state
 .text.nrf24_start_listening
                0x000014e2      0x21e ./src/nrf24l01.o
                0x000014e2                nrf24_start_listening
 .text.nrf24_send_message
                0x00001700      0x3ae ./src/nrf24l01.o
                0x00001700                nrf24_send_message
 .text.nrf24_available
                0x00001aae       0x3a ./src/nrf24l01.o
                0x00001aae                nrf24_available
 .text.nrf24_read_message
                0x00001ae8       0x88 ./src/nrf24l01.o
                0x00001ae8                nrf24_read_message
 .text.spi_master_init
                0x00001b70       0x50 ./src/spi.o
                0x00001b70                spi_master_init
 .text.spi_bulk_send
                0x00001bc0       0x54 ./src/spi.o
                0x00001bc0                spi_bulk_send
 .text.spi_send
                0x00001c14       0x2c ./src/spi.o
                0x00001c14                spi_send
 .text.spi_bulk_exchange
                0x00001c40       0x78 ./src/spi.o
                0x00001c40                spi_bulk_exchange
 .text.spi_exchange
                0x00001cb8       0x32 ./src/spi.o
                0x00001cb8                spi_exchange
 .text.libgcc.mul
                0x00001cea        0x0 c:/avr8-gnu-toolchain-win32_x86/bin/../lib/gcc/avr/5.4.0/avr51\libgcc.a(_exit.o)
 .text.libgcc.div
                0x00001cea        0x0 c:/avr8-gnu-toolchain-win32_x86/bin/../lib/gcc/avr/5.4.0/avr51\libgcc.a(_exit.o)
 .text.libgcc   0x00001cea        0x0 c:/avr8-gnu-toolchain-win32_x86/bin/../lib/gcc/avr/5.4.0/avr51\libgcc.a(_exit.o)
 .text.libgcc.prologue
                0x00001cea        0x0 c:/avr8-gnu-toolchain-win32_x86/bin/../lib/gcc/avr/5.4.0/avr51\libgcc.a(_exit.o)
 .text.libgcc.builtins
                0x00001cea        0x0 c:/avr8-gnu-toolchain-win32_x86/bin/../lib/gcc/avr/5.4.0/avr51\libgcc.a(_exit.o)
 .text.libgcc.fmul
                0x00001cea        0x0 c:/avr8-gnu-toolchain-win32_x86/bin/../lib/gcc/avr/5.4.0/avr51\libgcc.a(_exit.o)
 .text.libgcc.fixed
                0x00001cea        0x0 c:/avr8-gnu-toolchain-win32_x86/bin/../lib/gcc/avr/5.4.0/avr51\libgcc.a(_exit.o)
 .text.libgcc.mul
                0x00001cea        0x0 c:/avr8-gnu-toolchain-win32_x86/bin/../lib/gcc/avr/5.4.0/avr51\libgcc.a(_copy_data.o)
 .text.libgcc.div
                0x00001cea        0x0 c:/avr8-gnu-toolchain-win32_x86/bin/../lib/gcc/avr/5.4.0/avr51\libgcc.a(_copy_data.o)
 .text.libgcc   0x00001cea        0x0 c:/avr8-gnu-toolchain-win32_x86/bin/../lib/gcc/avr/5.4.0/avr51\libgcc.a(_copy_data.o)
 .text.libgcc.prologue
                0x00001cea        0x0 c:/avr8-gnu-toolchain-win32_x86/bin/../lib/gcc/avr/5.4.0/avr51\libgcc.a(_copy_data.o)
 .text.libgcc.builtins
                0x00001cea        0x0 c:/avr8-gnu-toolchain-win32_x86/bin/../lib/gcc/avr/5.4.0/avr51\libgcc.a(_copy_data.o)
 .text.libgcc.fmul
                0x00001cea        0x0 c:/avr8-gnu-toolchain-win32_x86/bin/../lib/gcc/avr/5.4.0/avr51\libgcc.a(_copy_data.o)
 .text.libgcc.fixed
                0x00001cea        0x0 c:/avr8-gnu-toolchain-win32_x86/bin/../lib/gcc/avr/5.4.0/avr51\libgcc.a(_copy_data.o)
 .text.libgcc.mul
                0x00001cea        0x0 c:/avr8-gnu-toolchain-win32_x86/bin/../lib/gcc/avr/5.4.0/avr51\libgcc.a(_clear_bss.o)
 .text.libgcc.div
                0x00001cea        0x0 c:/avr8-gnu-toolchain-win32_x86/bin/../lib/gcc/avr/5.4.0/avr51\libgcc.a(_clear_bss.o)
 .text.libgcc   0x00001cea        0x0 c:/avr8-gnu-toolchain-win32_x86/bin/../lib/gcc/avr/5.4.0/avr51\libgcc.a(_clear_bss.o)
 .text.libgcc.prologue
                0x00001cea        0x0 c:/avr8-gnu-toolchain-win32_x86/bin/../lib/gcc/avr/5.4.0/avr51\libgcc.a(_clear_bss.o)
 .text.libgcc.builtins
                0x00001cea        0x0 c:/avr8-gnu-toolchain-win32_x86/bin/../lib/gcc/avr/5.4.0/avr51\libgcc.a(_clear_bss.o)
 .text.libgcc.fmul
                0x00001cea        0x0 c:/avr8-gnu-toolchain-win32_x86/bin/../lib/gcc/avr/5.4.0/avr51\libgcc.a(_clear_bss.o)
 .text.libgcc.fixed
                0x00001cea        0x0 c:/avr8-gnu-toolchain-win32_x86/bin/../lib/gcc/avr/5.4.0/avr51\libgcc.a(_clear_bss.o)
 .text.avr-libc.fplib
                0x00001cea        0xa c:/avr8-gnu-toolchain-win32_x86/bin/../lib/gcc/avr/5.4.0/../../../../avr/lib/avr51\libm.a(cmpsf2.o)
                0x00001cea                __nesf2
                0x00001cea                __eqsf2
                0x00001cea                __cmpsf2
                0x00001cea                __ltsf2
                0x00001cea                __lesf2
 .text.avr-libc.fplib
                0x00001cf4        0x8 c:/avr8-gnu-toolchain-win32_x86/bin/../lib/gcc/avr/5.4.0/../../../../avr/lib/avr51\libm.a(divsf3.o)
                0x00001cf4                __divsf3
 .text.avr-libc.fplib
                0x00001cfc       0xdc c:/avr8-gnu-toolchain-win32_x86/bin/../lib/gcc/avr/5.4.0/../../../../avr/lib/avr51\libm.a(divsf3x.o)
                0x00001d1c                __divsf3x
                0x00001d22                __divsf3_pse
 .text.avr-libc.fplib
                0x00001dd8       0x5e c:/avr8-gnu-toolchain-win32_x86/bin/../lib/gcc/avr/5.4.0/../../../../avr/lib/avr51\libm.a(fixunssfsi.o)
                0x00001dd8                __fixunssfsi
 .text.avr-libc.fplib
                0x00001e36       0x48 c:/avr8-gnu-toolchain-win32_x86/bin/../lib/gcc/avr/5.4.0/../../../../avr/lib/avr51\libm.a(fp_cmp.o)
                0x00001e36                __fp_cmp
 .text.avr-libc.fplib
                0x00001e7e        0xc c:/avr8-gnu-toolchain-win32_x86/bin/../lib/gcc/avr/5.4.0/../../../../avr/lib/avr51\libm.a(fp_inf.o)
                0x00001e7e                __fp_inf
 .text.avr-libc.fplib
                0x00001e8a        0x6 c:/avr8-gnu-toolchain-win32_x86/bin/../lib/gcc/avr/5.4.0/../../../../avr/lib/avr51\libm.a(fp_nan.o)
                0x00001e8a                __fp_nan
 .text.avr-libc.fplib
                0x00001e90        0xe c:/avr8-gnu-toolchain-win32_x86/bin/../lib/gcc/avr/5.4.0/../../../../avr/lib/avr51\libm.a(fp_pscA.o)
                0x00001e90                __fp_pscA
 .text.avr-libc.fplib
                0x00001e9e        0xe c:/avr8-gnu-toolchain-win32_x86/bin/../lib/gcc/avr/5.4.0/../../../../avr/lib/avr51\libm.a(fp_pscB.o)
                0x00001e9e                __fp_pscB
 .text.avr-libc.fplib
                0x00001eac       0x22 c:/avr8-gnu-toolchain-win32_x86/bin/../lib/gcc/avr/5.4.0/../../../../avr/lib/avr51\libm.a(fp_round.o)
                0x00001eac                __fp_round
 .text.avr-libc.fplib
                0x00001ece       0x44 c:/avr8-gnu-toolchain-win32_x86/bin/../lib/gcc/avr/5.4.0/../../../../avr/lib/avr51\libm.a(fp_split3.o)
                0x00001ece                __fp_split3
                0x00001ede                __fp_splitA
 .text.avr-libc.fplib
                0x00001f12        0xe c:/avr8-gnu-toolchain-win32_x86/bin/../lib/gcc/avr/5.4.0/../../../../avr/lib/avr51\libm.a(fp_zero.o)
                0x00001f12                __fp_zero
                0x00001f14                __fp_szero
 .text.avr-libc.fplib
                0x00001f20        0xa c:/avr8-gnu-toolchain-win32_x86/bin/../lib/gcc/avr/5.4.0/../../../../avr/lib/avr51\libm.a(gesf2.o)
                0x00001f20                __gesf2
                0x00001f20                __gtsf2
 .text.avr-libc.fplib
                0x00001f2a        0x8 c:/avr8-gnu-toolchain-win32_x86/bin/../lib/gcc/avr/5.4.0/../../../../avr/lib/avr51\libm.a(mulsf3.o)
                0x00001f2a                __mulsf3
 .text.avr-libc.fplib
                0x00001f32       0xd2 c:/avr8-gnu-toolchain-win32_x86/bin/../lib/gcc/avr/5.4.0/../../../../avr/lib/avr51\libm.a(mulsf3x.o)
                0x00001f50                __mulsf3x
                0x00001f56                __mulsf3_pse
 .text.avr-libc
                0x00002004        0xe c:/avr8-gnu-toolchain-win32_x86/bin/../lib/gcc/avr/5.4.0/../../../../avr/lib/avr51\libc.a(memset.o)
                0x00002004                memset
 .text.avr-libc
                0x00002012        0xe c:/avr8-gnu-toolchain-win32_x86/bin/../lib/gcc/avr/5.4.0/../../../../avr/lib/avr51\libc.a(strcpy.o)
                0x00002012                strcpy
 .text.avr-libc
                0x00002020       0x12 c:/avr8-gnu-toolchain-win32_x86/bin/../lib/gcc/avr/5.4.0/../../../../avr/lib/avr51\libc.a(strlen.o)
                0x00002020                strlen
 .text.avr-libc
                0x00002032       0x28 c:/avr8-gnu-toolchain-win32_x86/bin/../lib/gcc/avr/5.4.0/../../../../avr/lib/avr51\libc.a(printf.o)
                0x00002032                printf
 .text.avr-libc
                0x0000205a       0x60 c:/avr8-gnu-toolchain-win32_x86/bin/../lib/gcc/avr/5.4.0/../../../../avr/lib/avr51\libc.a(puts.o)
                0x0000205a                puts
 .text.avr-libc
                0x000020ba       0x72 c:/avr8-gnu-toolchain-win32_x86/bin/../lib/gcc/avr/5.4.0/../../../../avr/lib/avr51\libc.a(vsnprintf.o)
                0x000020ba                vsnprintf
 .text.avr-libc
                0x0000212c      0x414 c:/avr8-gnu-toolchain-win32_x86/bin/../lib/gcc/avr/5.4.0/../../../../avr/lib/avr51\libc.a(vfprintf_std.o)
                0x0000212c                vfprintf
 .text.avr-libc
                0x00002540       0x16 c:/avr8-gnu-toolchain-win32_x86/bin/../lib/gcc/avr/5.4.0/../../../../avr/lib/avr51\libc.a(strnlen_P.o)
                0x00002540                strnlen_P
 .text.avr-libc
                0x00002556       0x16 c:/avr8-gnu-toolchain-win32_x86/bin/../lib/gcc/avr/5.4.0/../../../../avr/lib/avr51\libc.a(strnlen.o)
                0x00002556                strnlen
 .text.avr-libc
                0x0000256c       0x78 c:/avr8-gnu-toolchain-win32_x86/bin/../lib/gcc/avr/5.4.0/../../../../avr/lib/avr51\libc.a(fputc.o)
                0x0000256c                fputc
 .text.avr-libc
                0x000025e4       0xbc c:/avr8-gnu-toolchain-win32_x86/bin/../lib/gcc/avr/5.4.0/../../../../avr/lib/avr51\libc.a(ultoa_invert.o)
                0x000025e4                __ultoa_invert
                0x000026a0                . = ALIGN (0x2)
 *(.fini9)
 .fini9         0x000026a0        0x0 c:/avr8-gnu-toolchain-win32_x86/bin/../lib/gcc/avr/5.4.0/avr51\libgcc.a(_exit.o)
                0x000026a0                _exit
                0x000026a0                exit
 *(.fini9)
 *(.fini8)
 *(.fini8)
 *(.fini7)
 *(.fini7)
 *(.fini6)
 *(.fini6)
 *(.fini5)
 *(.fini5)
 *(.fini4)
 *(.fini4)
 *(.fini3)
 *(.fini3)
 *(.fini2)
 *(.fini2)
 *(.fini1)
 *(.fini1)
 *(.fini0)
 .fini0         0x000026a0        0x4 c:/avr8-gnu-toolchain-win32_x86/bin/../lib/gcc/avr/5.4.0/avr51\libgcc.a(_exit.o)
 *(.fini0)
                0x000026a4                _etext = .

.data           0x00800100      0x194 load address 0x000026a4
                0x00800100                PROVIDE (__data_start, .)
 *(.data)
 .data          0x00800100        0x0 c:/avr8-gnu-toolchain-win32_x86/bin/../lib/gcc/avr/5.4.0/../../../../avr/lib/avr51/crtatmega128.o
 .data          0x00800100        0x0 ./src/STDIO_UART.o
 .data          0x00800100        0x0 ./src/mainRX.o
 .data          0x00800100        0x0 ./src/myLCD.o
 .data          0x00800100        0x0 ./src/nrf24l01.o
 .data          0x00800100        0x0 ./src/spi.o
 .data          0x00800100        0x0 c:/avr8-gnu-toolchain-win32_x86/bin/../lib/gcc/avr/5.4.0/avr51\libgcc.a(_exit.o)
 .data          0x00800100        0x0 c:/avr8-gnu-toolchain-win32_x86/bin/../lib/gcc/avr/5.4.0/avr51\libgcc.a(_copy_data.o)
 .data          0x00800100        0x0 c:/avr8-gnu-toolchain-win32_x86/bin/../lib/gcc/avr/5.4.0/avr51\libgcc.a(_clear_bss.o)
 .data          0x00800100        0x0 c:/avr8-gnu-toolchain-win32_x86/bin/../lib/gcc/avr/5.4.0/../../../../avr/lib/avr51\libm.a(cmpsf2.o)
 .data          0x00800100        0x0 c:/avr8-gnu-toolchain-win32_x86/bin/../lib/gcc/avr/5.4.0/../../../../avr/lib/avr51\libm.a(divsf3.o)
 .data          0x00800100        0x0 c:/avr8-gnu-toolchain-win32_x86/bin/../lib/gcc/avr/5.4.0/../../../../avr/lib/avr51\libm.a(divsf3x.o)
 .data          0x00800100        0x0 c:/avr8-gnu-toolchain-win32_x86/bin/../lib/gcc/avr/5.4.0/../../../../avr/lib/avr51\libm.a(fixunssfsi.o)
 .data          0x00800100        0x0 c:/avr8-gnu-toolchain-win32_x86/bin/../lib/gcc/avr/5.4.0/../../../../avr/lib/avr51\libm.a(fp_cmp.o)
 .data          0x00800100        0x0 c:/avr8-gnu-toolchain-win32_x86/bin/../lib/gcc/avr/5.4.0/../../../../avr/lib/avr51\libm.a(fp_inf.o)
 .data          0x00800100        0x0 c:/avr8-gnu-toolchain-win32_x86/bin/../lib/gcc/avr/5.4.0/../../../../avr/lib/avr51\libm.a(fp_nan.o)
 .data          0x00800100        0x0 c:/avr8-gnu-toolchain-win32_x86/bin/../lib/gcc/avr/5.4.0/../../../../avr/lib/avr51\libm.a(fp_pscA.o)
 .data          0x00800100        0x0 c:/avr8-gnu-toolchain-win32_x86/bin/../lib/gcc/avr/5.4.0/../../../../avr/lib/avr51\libm.a(fp_pscB.o)
 .data          0x00800100        0x0 c:/avr8-gnu-toolchain-win32_x86/bin/../lib/gcc/avr/5.4.0/../../../../avr/lib/avr51\libm.a(fp_round.o)
 .data          0x00800100        0x0 c:/avr8-gnu-toolchain-win32_x86/bin/../lib/gcc/avr/5.4.0/../../../../avr/lib/avr51\libm.a(fp_split3.o)
 .data          0x00800100        0x0 c:/avr8-gnu-toolchain-win32_x86/bin/../lib/gcc/avr/5.4.0/../../../../avr/lib/avr51\libm.a(fp_zero.o)
 .data          0x00800100        0x0 c:/avr8-gnu-toolchain-win32_x86/bin/../lib/gcc/avr/5.4.0/../../../../avr/lib/avr51\libm.a(gesf2.o)
 .data          0x00800100        0x0 c:/avr8-gnu-toolchain-win32_x86/bin/../lib/gcc/avr/5.4.0/../../../../avr/lib/avr51\libm.a(mulsf3.o)
 .data          0x00800100        0x0 c:/avr8-gnu-toolchain-win32_x86/bin/../lib/gcc/avr/5.4.0/../../../../avr/lib/avr51\libm.a(mulsf3x.o)
 .data          0x00800100        0x0 c:/avr8-gnu-toolchain-win32_x86/bin/../lib/gcc/avr/5.4.0/../../../../avr/lib/avr51\libc.a(memset.o)
 .data          0x00800100        0x0 c:/avr8-gnu-toolchain-win32_x86/bin/../lib/gcc/avr/5.4.0/../../../../avr/lib/avr51\libc.a(strcpy.o)
 .data          0x00800100        0x0 c:/avr8-gnu-toolchain-win32_x86/bin/../lib/gcc/avr/5.4.0/../../../../avr/lib/avr51\libc.a(strlen.o)
 .data          0x00800100        0x0 c:/avr8-gnu-toolchain-win32_x86/bin/../lib/gcc/avr/5.4.0/../../../../avr/lib/avr51\libc.a(iob.o)
 .data          0x00800100        0x0 c:/avr8-gnu-toolchain-win32_x86/bin/../lib/gcc/avr/5.4.0/../../../../avr/lib/avr51\libc.a(printf.o)
 .data          0x00800100        0x0 c:/avr8-gnu-toolchain-win32_x86/bin/../lib/gcc/avr/5.4.0/../../../../avr/lib/avr51\libc.a(puts.o)
 .data          0x00800100        0x0 c:/avr8-gnu-toolchain-win32_x86/bin/../lib/gcc/avr/5.4.0/../../../../avr/lib/avr51\libc.a(vsnprintf.o)
 .data          0x00800100        0x0 c:/avr8-gnu-toolchain-win32_x86/bin/../lib/gcc/avr/5.4.0/../../../../avr/lib/avr51\libc.a(vfprintf_std.o)
 .data          0x00800100        0x0 c:/avr8-gnu-toolchain-win32_x86/bin/../lib/gcc/avr/5.4.0/../../../../avr/lib/avr51\libc.a(strnlen_P.o)
 .data          0x00800100        0x0 c:/avr8-gnu-toolchain-win32_x86/bin/../lib/gcc/avr/5.4.0/../../../../avr/lib/avr51\libc.a(strnlen.o)
 .data          0x00800100        0x0 c:/avr8-gnu-toolchain-win32_x86/bin/../lib/gcc/avr/5.4.0/../../../../avr/lib/avr51\libc.a(fputc.o)
 .data          0x00800100        0x0 c:/avr8-gnu-toolchain-win32_x86/bin/../lib/gcc/avr/5.4.0/../../../../avr/lib/avr51\libc.a(ultoa_invert.o)
 *(.data*)
 .data.mystdout
                0x00800100        0xe ./src/STDIO_UART.o
 .data.mystdin  0x0080010e        0xe ./src/STDIO_UART.o
 .data.rx_address
                0x0080011c        0x5 ./src/nrf24l01.o
                0x0080011c                rx_address
 .data.tx_address
                0x00800121        0x5 ./src/nrf24l01.o
                0x00800121                tx_address
 *(.gnu.linkonce.d*)
 *(.rodata)
 .rodata        0x00800126      0x152 ./src/mainRX.o
 .rodata        0x00800278       0x1b ./src/nrf24l01.o
 *(.rodata*)
 *(.gnu.linkonce.r*)
                0x00800294                . = ALIGN (0x2)
 *fill*         0x00800293        0x1 
                0x00800294                _edata = .
                0x00800294                PROVIDE (__data_end, .)

.bss            0x00800294       0x3a
                0x00800294                PROVIDE (__bss_start, .)
 *(.bss)
 .bss           0x00800294        0x0 c:/avr8-gnu-toolchain-win32_x86/bin/../lib/gcc/avr/5.4.0/../../../../avr/lib/avr51/crtatmega128.o
 .bss           0x00800294        0x0 ./src/STDIO_UART.o
 .bss           0x00800294        0x0 ./src/mainRX.o
 .bss           0x00800294        0x0 ./src/myLCD.o
 .bss           0x00800294        0x0 ./src/nrf24l01.o
 .bss           0x00800294        0x0 ./src/spi.o
 .bss           0x00800294        0x0 c:/avr8-gnu-toolchain-win32_x86/bin/../lib/gcc/avr/5.4.0/avr51\libgcc.a(_exit.o)
 .bss           0x00800294        0x0 c:/avr8-gnu-toolchain-win32_x86/bin/../lib/gcc/avr/5.4.0/avr51\libgcc.a(_copy_data.o)
 .bss           0x00800294        0x0 c:/avr8-gnu-toolchain-win32_x86/bin/../lib/gcc/avr/5.4.0/avr51\libgcc.a(_clear_bss.o)
 .bss           0x00800294        0x0 c:/avr8-gnu-toolchain-win32_x86/bin/../lib/gcc/avr/5.4.0/../../../../avr/lib/avr51\libm.a(cmpsf2.o)
 .bss           0x00800294        0x0 c:/avr8-gnu-toolchain-win32_x86/bin/../lib/gcc/avr/5.4.0/../../../../avr/lib/avr51\libm.a(divsf3.o)
 .bss           0x00800294        0x0 c:/avr8-gnu-toolchain-win32_x86/bin/../lib/gcc/avr/5.4.0/../../../../avr/lib/avr51\libm.a(divsf3x.o)
 .bss           0x00800294        0x0 c:/avr8-gnu-toolchain-win32_x86/bin/../lib/gcc/avr/5.4.0/../../../../avr/lib/avr51\libm.a(fixunssfsi.o)
 .bss           0x00800294        0x0 c:/avr8-gnu-toolchain-win32_x86/bin/../lib/gcc/avr/5.4.0/../../../../avr/lib/avr51\libm.a(fp_cmp.o)
 .bss           0x00800294        0x0 c:/avr8-gnu-toolchain-win32_x86/bin/../lib/gcc/avr/5.4.0/../../../../avr/lib/avr51\libm.a(fp_inf.o)
 .bss           0x00800294        0x0 c:/avr8-gnu-toolchain-win32_x86/bin/../lib/gcc/avr/5.4.0/../../../../avr/lib/avr51\libm.a(fp_nan.o)
 .bss           0x00800294        0x0 c:/avr8-gnu-toolchain-win32_x86/bin/../lib/gcc/avr/5.4.0/../../../../avr/lib/avr51\libm.a(fp_pscA.o)
 .bss           0x00800294        0x0 c:/avr8-gnu-toolchain-win32_x86/bin/../lib/gcc/avr/5.4.0/../../../../avr/lib/avr51\libm.a(fp_pscB.o)
 .bss           0x00800294        0x0 c:/avr8-gnu-toolchain-win32_x86/bin/../lib/gcc/avr/5.4.0/../../../../avr/lib/avr51\libm.a(fp_round.o)
 .bss           0x00800294        0x0 c:/avr8-gnu-toolchain-win32_x86/bin/../lib/gcc/avr/5.4.0/../../../../avr/lib/avr51\libm.a(fp_split3.o)
 .bss           0x00800294        0x0 c:/avr8-gnu-toolchain-win32_x86/bin/../lib/gcc/avr/5.4.0/../../../../avr/lib/avr51\libm.a(fp_zero.o)
 .bss           0x00800294        0x0 c:/avr8-gnu-toolchain-win32_x86/bin/../lib/gcc/avr/5.4.0/../../../../avr/lib/avr51\libm.a(gesf2.o)
 .bss           0x00800294        0x0 c:/avr8-gnu-toolchain-win32_x86/bin/../lib/gcc/avr/5.4.0/../../../../avr/lib/avr51\libm.a(mulsf3.o)
 .bss           0x00800294        0x0 c:/avr8-gnu-toolchain-win32_x86/bin/../lib/gcc/avr/5.4.0/../../../../avr/lib/avr51\libm.a(mulsf3x.o)
 .bss           0x00800294        0x0 c:/avr8-gnu-toolchain-win32_x86/bin/../lib/gcc/avr/5.4.0/../../../../avr/lib/avr51\libc.a(memset.o)
 .bss           0x00800294        0x0 c:/avr8-gnu-toolchain-win32_x86/bin/../lib/gcc/avr/5.4.0/../../../../avr/lib/avr51\libc.a(strcpy.o)
 .bss           0x00800294        0x0 c:/avr8-gnu-toolchain-win32_x86/bin/../lib/gcc/avr/5.4.0/../../../../avr/lib/avr51\libc.a(strlen.o)
 .bss           0x00800294        0x0 c:/avr8-gnu-toolchain-win32_x86/bin/../lib/gcc/avr/5.4.0/../../../../avr/lib/avr51\libc.a(iob.o)
 .bss           0x00800294        0x0 c:/avr8-gnu-toolchain-win32_x86/bin/../lib/gcc/avr/5.4.0/../../../../avr/lib/avr51\libc.a(printf.o)
 .bss           0x00800294        0x0 c:/avr8-gnu-toolchain-win32_x86/bin/../lib/gcc/avr/5.4.0/../../../../avr/lib/avr51\libc.a(puts.o)
 .bss           0x00800294        0x0 c:/avr8-gnu-toolchain-win32_x86/bin/../lib/gcc/avr/5.4.0/../../../../avr/lib/avr51\libc.a(vsnprintf.o)
 .bss           0x00800294        0x0 c:/avr8-gnu-toolchain-win32_x86/bin/../lib/gcc/avr/5.4.0/../../../../avr/lib/avr51\libc.a(vfprintf_std.o)
 .bss           0x00800294        0x0 c:/avr8-gnu-toolchain-win32_x86/bin/../lib/gcc/avr/5.4.0/../../../../avr/lib/avr51\libc.a(strnlen_P.o)
 .bss           0x00800294        0x0 c:/avr8-gnu-toolchain-win32_x86/bin/../lib/gcc/avr/5.4.0/../../../../avr/lib/avr51\libc.a(strnlen.o)
 .bss           0x00800294        0x0 c:/avr8-gnu-toolchain-win32_x86/bin/../lib/gcc/avr/5.4.0/../../../../avr/lib/avr51\libc.a(fputc.o)
 .bss           0x00800294        0x0 c:/avr8-gnu-toolchain-win32_x86/bin/../lib/gcc/avr/5.4.0/../../../../avr/lib/avr51\libc.a(ultoa_invert.o)
 *(.bss*)
 .bss.message_received
                0x00800294        0x1 ./src/mainRX.o
                0x00800294                message_received
 .bss.status    0x00800295        0x1 ./src/mainRX.o
                0x00800295                status
 .bss.lcd_buffer.1874
                0x00800296       0x11 ./src/myLCD.o
 .bss.rx_message.2166
                0x008002a7       0x20 ./src/nrf24l01.o
 *(COMMON)
 COMMON         0x008002c7        0x1 ./src/nrf24l01.o
                0x008002c7                data
 COMMON         0x008002c8        0x6 c:/avr8-gnu-toolchain-win32_x86/bin/../lib/gcc/avr/5.4.0/../../../../avr/lib/avr51\libc.a(iob.o)
                0x008002c8                __iob
                0x008002ce                PROVIDE (__bss_end, .)
                0x000026a4                __data_load_start = LOADADDR (.data)
                0x00002838                __data_load_end = (__data_load_start + SIZEOF (.data))

.noinit         0x008002ce        0x0
                [!provide]                PROVIDE (__noinit_start, .)
 *(.noinit*)
                [!provide]                PROVIDE (__noinit_end, .)
                0x008002ce                _end = .
                [!provide]                PROVIDE (__heap_start, .)

.eeprom         0x00810000        0x0
 *(.eeprom*)
                0x00810000                __eeprom_end = .

.fuse
 *(.fuse)
 *(.lfuse)
 *(.hfuse)
 *(.efuse)

.lock
 *(.lock*)

.signature
 *(.signature*)

.user_signatures
 *(.user_signatures*)

.stab           0x00000000     0x2f7c
 *(.stab)
 .stab          0x00000000      0x630 ./src/STDIO_UART.o
 .stab          0x00000630      0x984 ./src/mainRX.o
                                0xbac (size before relaxing)
 .stab          0x00000fb4      0x90c ./src/myLCD.o
                                0xb40 (size before relaxing)
 .stab          0x000018c0     0x120c ./src/nrf24l01.o
                               0x1440 (size before relaxing)
 .stab          0x00002acc      0x4b0 ./src/spi.o
                                0x678 (size before relaxing)

.stabstr        0x00000000     0x15e9
 *(.stabstr)
 .stabstr       0x00000000     0x15e9 ./src/STDIO_UART.o

.stab.excl
 *(.stab.excl)

.stab.exclstr
 *(.stab.exclstr)

.stab.index
 *(.stab.index)

.stab.indexstr
 *(.stab.indexstr)

.comment        0x00000000       0x5c
 *(.comment)
 .comment       0x00000000       0x30 ./src/STDIO_UART.o
                                 0x31 (size before relaxing)
 .comment       0x00000030       0x31 ./src/mainRX.o
 .comment       0x00000030       0x31 ./src/myLCD.o
 .comment       0x00000030       0x31 ./src/nrf24l01.o
 .comment       0x00000030       0x31 ./src/spi.o
 .comment       0x00000030       0x31 c:/avr8-gnu-toolchain-win32_x86/bin/../lib/gcc/avr/5.4.0/../../../../avr/lib/avr51\libc.a(iob.o)
 .comment       0x00000030       0x31 c:/avr8-gnu-toolchain-win32_x86/bin/../lib/gcc/avr/5.4.0/../../../../avr/lib/avr51\libc.a(printf.o)
 .comment       0x00000030       0x31 c:/avr8-gnu-toolchain-win32_x86/bin/../lib/gcc/avr/5.4.0/../../../../avr/lib/avr51\libc.a(puts.o)
 .comment       0x00000030       0x31 c:/avr8-gnu-toolchain-win32_x86/bin/../lib/gcc/avr/5.4.0/../../../../avr/lib/avr51\libc.a(vsnprintf.o)
 .comment       0x00000030       0x2c c:/avr8-gnu-toolchain-win32_x86/bin/../lib/gcc/avr/5.4.0/../../../../avr/lib/avr51\libc.a(vfprintf_std.o)
                                 0x2d (size before relaxing)
 .comment       0x0000005c       0x31 c:/avr8-gnu-toolchain-win32_x86/bin/../lib/gcc/avr/5.4.0/../../../../avr/lib/avr51\libc.a(fputc.o)

.note.gnu.avr.deviceinfo
                0x00000000       0x3c
 .note.gnu.avr.deviceinfo
                0x00000000       0x3c c:/avr8-gnu-toolchain-win32_x86/bin/../lib/gcc/avr/5.4.0/../../../../avr/lib/avr51/crtatmega128.o

.note.gnu.build-id
 *(.note.gnu.build-id)

.debug
 *(.debug)

.line
 *(.line)

.debug_srcinfo
 *(.debug_srcinfo)

.debug_sfnames
 *(.debug_sfnames)

.debug_aranges
 *(.debug_aranges)

.debug_pubnames
 *(.debug_pubnames)

.debug_info     0x00000000      0x780
 *(.debug_info .gnu.linkonce.wi.*)
 .debug_info    0x00000000      0x780 c:/avr8-gnu-toolchain-win32_x86/bin/../lib/gcc/avr/5.4.0/../../../../avr/lib/avr51/crtatmega128.o

.debug_abbrev   0x00000000      0x718
 *(.debug_abbrev)
 .debug_abbrev  0x00000000      0x718 c:/avr8-gnu-toolchain-win32_x86/bin/../lib/gcc/avr/5.4.0/../../../../avr/lib/avr51/crtatmega128.o

.debug_line     0x00000000       0x1a
 *(.debug_line .debug_line.* .debug_line_end)
 .debug_line    0x00000000       0x1a c:/avr8-gnu-toolchain-win32_x86/bin/../lib/gcc/avr/5.4.0/../../../../avr/lib/avr51/crtatmega128.o

.debug_frame
 *(.debug_frame)

.debug_str      0x00000000      0x27d
 *(.debug_str)
 .debug_str     0x00000000      0x27d c:/avr8-gnu-toolchain-win32_x86/bin/../lib/gcc/avr/5.4.0/../../../../avr/lib/avr51/crtatmega128.o

.debug_loc
 *(.debug_loc)

.debug_macinfo
 *(.debug_macinfo)

.debug_weaknames
 *(.debug_weaknames)

.debug_funcnames
 *(.debug_funcnames)

.debug_typenames
 *(.debug_typenames)

.debug_varnames
 *(.debug_varnames)

.debug_pubtypes
 *(.debug_pubtypes)

.debug_ranges
 *(.debug_ranges)

.debug_macro
 *(.debug_macro)
OUTPUT(NRF_RX.elf elf32-avr)
LOAD linker stubs
