Archive member included to satisfy reference by file (symbol)

c:/avr8-gnu-toolchain-win32_x86/bin/../lib/gcc/avr/5.4.0/../../../../avr/lib/avr51\libprintf_flt.a(vfprintf_flt.o)
                              (vfprintf)
c:/avr8-gnu-toolchain-win32_x86/bin/../lib/gcc/avr/5.4.0/avr51\libgcc.a(_exit.o)
                              c:/avr8-gnu-toolchain-win32_x86/bin/../lib/gcc/avr/5.4.0/../../../../avr/lib/avr51/crtatmega128.o (exit)
c:/avr8-gnu-toolchain-win32_x86/bin/../lib/gcc/avr/5.4.0/avr51\libgcc.a(_copy_data.o)
                              ./src/STDIO_UART.o (__do_copy_data)
c:/avr8-gnu-toolchain-win32_x86/bin/../lib/gcc/avr/5.4.0/avr51\libgcc.a(_clear_bss.o)
                              ./src/mainRX.o (__do_clear_bss)
c:/avr8-gnu-toolchain-win32_x86/bin/../lib/gcc/avr/5.4.0/../../../../avr/lib/avr51\libc.a(ftoa_engine.o)
                              c:/avr8-gnu-toolchain-win32_x86/bin/../lib/gcc/avr/5.4.0/../../../../avr/lib/avr51\libprintf_flt.a(vfprintf_flt.o) (__ftoa_engine)
c:/avr8-gnu-toolchain-win32_x86/bin/../lib/gcc/avr/5.4.0/../../../../avr/lib/avr51\libc.a(strnlen_P.o)
                              c:/avr8-gnu-toolchain-win32_x86/bin/../lib/gcc/avr/5.4.0/../../../../avr/lib/avr51\libprintf_flt.a(vfprintf_flt.o) (strnlen_P)
c:/avr8-gnu-toolchain-win32_x86/bin/../lib/gcc/avr/5.4.0/../../../../avr/lib/avr51\libc.a(strcpy.o)
                              ./src/nrf24l01.o (strcpy)
c:/avr8-gnu-toolchain-win32_x86/bin/../lib/gcc/avr/5.4.0/../../../../avr/lib/avr51\libc.a(strnlen.o)
                              c:/avr8-gnu-toolchain-win32_x86/bin/../lib/gcc/avr/5.4.0/../../../../avr/lib/avr51\libprintf_flt.a(vfprintf_flt.o) (strnlen)
c:/avr8-gnu-toolchain-win32_x86/bin/../lib/gcc/avr/5.4.0/../../../../avr/lib/avr51\libc.a(fputc.o)
                              c:/avr8-gnu-toolchain-win32_x86/bin/../lib/gcc/avr/5.4.0/../../../../avr/lib/avr51\libprintf_flt.a(vfprintf_flt.o) (fputc)
c:/avr8-gnu-toolchain-win32_x86/bin/../lib/gcc/avr/5.4.0/../../../../avr/lib/avr51\libc.a(iob.o)
                              ./src/STDIO_UART.o (__iob)
c:/avr8-gnu-toolchain-win32_x86/bin/../lib/gcc/avr/5.4.0/../../../../avr/lib/avr51\libc.a(printf.o)
                              ./src/mainRX.o (printf)
c:/avr8-gnu-toolchain-win32_x86/bin/../lib/gcc/avr/5.4.0/../../../../avr/lib/avr51\libc.a(puts.o)
                              ./src/mainRX.o (puts)
c:/avr8-gnu-toolchain-win32_x86/bin/../lib/gcc/avr/5.4.0/../../../../avr/lib/avr51\libc.a(vsnprintf.o)
                              ./src/myLCD.o (vsnprintf)
c:/avr8-gnu-toolchain-win32_x86/bin/../lib/gcc/avr/5.4.0/../../../../avr/lib/avr51\libc.a(ultoa_invert.o)
                              c:/avr8-gnu-toolchain-win32_x86/bin/../lib/gcc/avr/5.4.0/../../../../avr/lib/avr51\libprintf_flt.a(vfprintf_flt.o) (__ultoa_invert)

Allocating common symbols
Common symbol       size              file

data                0x1               ./src/nrf24l01.o
__iob               0x6               c:/avr8-gnu-toolchain-win32_x86/bin/../lib/gcc/avr/5.4.0/../../../../avr/lib/avr51\libc.a(iob.o)

Memory Configuration

Name             Origin             Length             Attributes
text             0x00000000         0x00020000         xr
data             0x00800100         0x00001000         rw !x
eeprom           0x00810000         0x00001000         rw !x
fuse             0x00820000         0x00000003         rw !x
lock             0x00830000         0x00000400         rw !x
signature        0x00840000         0x00000400         rw !x
user_signatures  0x00850000         0x00000400         rw !x
*default*        0x00000000         0xffffffff

Linker script and memory map

Address of section .data set to 0x800100
LOAD c:/avr8-gnu-toolchain-win32_x86/bin/../lib/gcc/avr/5.4.0/../../../../avr/lib/avr51/crtatmega128.o
LOAD c:/avr8-gnu-toolchain-win32_x86/bin/../lib/gcc/avr/5.4.0/../../../../avr/lib/avr51\libprintf_flt.a
LOAD ./src/STDIO_UART.o
LOAD ./src/mainRX.o
LOAD ./src/myLCD.o
LOAD ./src/nrf24l01.o
LOAD ./src/spi.o
START GROUP
LOAD c:/avr8-gnu-toolchain-win32_x86/bin/../lib/gcc/avr/5.4.0/avr51\libgcc.a
LOAD c:/avr8-gnu-toolchain-win32_x86/bin/../lib/gcc/avr/5.4.0/../../../../avr/lib/avr51\libm.a
LOAD c:/avr8-gnu-toolchain-win32_x86/bin/../lib/gcc/avr/5.4.0/../../../../avr/lib/avr51\libc.a
LOAD c:/avr8-gnu-toolchain-win32_x86/bin/../lib/gcc/avr/5.4.0/../../../../avr/lib/avr51\libatmega128.a
END GROUP
                0x00000000                __TEXT_REGION_ORIGIN__ = DEFINED (__TEXT_REGION_ORIGIN__)?__TEXT_REGION_ORIGIN__:0x0
                [0x00800100]                __DATA_REGION_ORIGIN__ = DEFINED (__DATA_REGION_ORIGIN__)?__DATA_REGION_ORIGIN__:0x800100
                [0x00020000]                __TEXT_REGION_LENGTH__ = DEFINED (__TEXT_REGION_LENGTH__)?__TEXT_REGION_LENGTH__:0x20000
                [0x00001000]                __DATA_REGION_LENGTH__ = DEFINED (__DATA_REGION_LENGTH__)?__DATA_REGION_LENGTH__:0xff00
                [0x00001000]                __EEPROM_REGION_LENGTH__ = DEFINED (__EEPROM_REGION_LENGTH__)?__EEPROM_REGION_LENGTH__:0x10000
                [0x00000003]                __FUSE_REGION_LENGTH__ = DEFINED (__FUSE_REGION_LENGTH__)?__FUSE_REGION_LENGTH__:0x400
                0x00000400                __LOCK_REGION_LENGTH__ = DEFINED (__LOCK_REGION_LENGTH__)?__LOCK_REGION_LENGTH__:0x400
                0x00000400                __SIGNATURE_REGION_LENGTH__ = DEFINED (__SIGNATURE_REGION_LENGTH__)?__SIGNATURE_REGION_LENGTH__:0x400
                0x00000400                __USER_SIGNATURE_REGION_LENGTH__ = DEFINED (__USER_SIGNATURE_REGION_LENGTH__)?__USER_SIGNATURE_REGION_LENGTH__:0x400

.hash
 *(.hash)

.dynsym
 *(.dynsym)

.dynstr
 *(.dynstr)

.gnu.version
 *(.gnu.version)

.gnu.version_d
 *(.gnu.version_d)

.gnu.version_r
 *(.gnu.version_r)

.rel.init
 *(.rel.init)

.rela.init
 *(.rela.init)

.rel.text
 *(.rel.text)
 *(.rel.text.*)
 *(.rel.gnu.linkonce.t*)

.rela.text
 *(.rela.text)
 *(.rela.text.*)
 *(.rela.gnu.linkonce.t*)

.rel.fini
 *(.rel.fini)

.rela.fini
 *(.rela.fini)

.rel.rodata
 *(.rel.rodata)
 *(.rel.rodata.*)
 *(.rel.gnu.linkonce.r*)

.rela.rodata
 *(.rela.rodata)
 *(.rela.rodata.*)
 *(.rela.gnu.linkonce.r*)

.rel.data
 *(.rel.data)
 *(.rel.data.*)
 *(.rel.gnu.linkonce.d*)

.rela.data
 *(.rela.data)
 *(.rela.data.*)
 *(.rela.gnu.linkonce.d*)

.rel.ctors
 *(.rel.ctors)

.rela.ctors
 *(.rela.ctors)

.rel.dtors
 *(.rel.dtors)

.rela.dtors
 *(.rela.dtors)

.rel.got
 *(.rel.got)

.rela.got
 *(.rela.got)

.rel.bss
 *(.rel.bss)

.rela.bss
 *(.rela.bss)

.rel.plt
 *(.rel.plt)

.rela.plt
 *(.rela.plt)

.text           0x00000000     0x157c
 *(.vectors)
 .vectors       0x00000000       0x8c c:/avr8-gnu-toolchain-win32_x86/bin/../lib/gcc/avr/5.4.0/../../../../avr/lib/avr51/crtatmega128.o
                0x00000000                __vector_default
                0x00000000                __vectors
 *(.vectors)
 *(.progmem.gcc*)
                0x0000008c                . = ALIGN (0x2)
                0x0000008c                __trampolines_start = .
 *(.trampolines)
 .trampolines   0x0000008c        0x0 linker stubs
 *(.trampolines*)
                0x0000008c                __trampolines_end = .
 *libprintf_flt.a:*(.progmem.data)
 .progmem.data  0x0000008c        0x8 c:/avr8-gnu-toolchain-win32_x86/bin/../lib/gcc/avr/5.4.0/../../../../avr/lib/avr51\libprintf_flt.a(vfprintf_flt.o)
 *libc.a:*(.progmem.data)
 .progmem.data  0x00000094       0xfa c:/avr8-gnu-toolchain-win32_x86/bin/../lib/gcc/avr/5.4.0/../../../../avr/lib/avr51\libc.a(ftoa_engine.o)
 *(.progmem*)
                0x0000018e                . = ALIGN (0x2)
 *(.jumptables)
 *(.jumptables*)
 *(.lowtext)
 *(.lowtext*)
                0x0000018e                __ctors_start = .
 *(.ctors)
                0x0000018e                __ctors_end = .
                0x0000018e                __dtors_start = .
 *(.dtors)
                0x0000018e                __dtors_end = .
 SORT(*)(.ctors)
 SORT(*)(.dtors)
 *(.init0)
 .init0         0x0000018e        0x0 c:/avr8-gnu-toolchain-win32_x86/bin/../lib/gcc/avr/5.4.0/../../../../avr/lib/avr51/crtatmega128.o
                0x0000018e                __init
 *(.init0)
 *(.init1)
 *(.init1)
 *(.init2)
 .init2         0x0000018e        0xc c:/avr8-gnu-toolchain-win32_x86/bin/../lib/gcc/avr/5.4.0/../../../../avr/lib/avr51/crtatmega128.o
 *(.init2)
 *(.init3)
 *(.init3)
 *(.init4)
 .init4         0x0000019a       0x1a c:/avr8-gnu-toolchain-win32_x86/bin/../lib/gcc/avr/5.4.0/avr51\libgcc.a(_copy_data.o)
                0x0000019a                __do_copy_data
 .init4         0x000001b4       0x10 c:/avr8-gnu-toolchain-win32_x86/bin/../lib/gcc/avr/5.4.0/avr51\libgcc.a(_clear_bss.o)
                0x000001b4                __do_clear_bss
 *(.init4)
 *(.init5)
 *(.init5)
 *(.init6)
 *(.init6)
 *(.init7)
 *(.init7)
 *(.init8)
 *(.init8)
 *(.init9)
 .init9         0x000001c4        0x8 c:/avr8-gnu-toolchain-win32_x86/bin/../lib/gcc/avr/5.4.0/../../../../avr/lib/avr51/crtatmega128.o
 *(.init9)
 *(.text)
 .text          0x000001cc        0x4 c:/avr8-gnu-toolchain-win32_x86/bin/../lib/gcc/avr/5.4.0/../../../../avr/lib/avr51/crtatmega128.o
                0x000001cc                __vector_22
                0x000001cc                __vector_28
                0x000001cc                __vector_32
                0x000001cc                __vector_34
                0x000001cc                __vector_24
                0x000001cc                __vector_12
                0x000001cc                __bad_interrupt
                0x000001cc                __vector_6
                0x000001cc                __vector_31
                0x000001cc                __vector_3
                0x000001cc                __vector_23
                0x000001cc                __vector_30
                0x000001cc                __vector_25
                0x000001cc                __vector_11
                0x000001cc                __vector_13
                0x000001cc                __vector_17
                0x000001cc                __vector_19
                0x000001cc                __vector_7
                0x000001cc                __vector_27
                0x000001cc                __vector_5
                0x000001cc                __vector_33
                0x000001cc                __vector_4
                0x000001cc                __vector_9
                0x000001cc                __vector_2
                0x000001cc                __vector_21
                0x000001cc                __vector_15
                0x000001cc                __vector_29
                0x000001cc                __vector_8
                0x000001cc                __vector_26
                0x000001cc                __vector_14
                0x000001cc                __vector_10
                0x000001cc                __vector_16
                0x000001cc                __vector_18
                0x000001cc                __vector_20
 .text          0x000001d0        0x0 c:/avr8-gnu-toolchain-win32_x86/bin/../lib/gcc/avr/5.4.0/../../../../avr/lib/avr51\libprintf_flt.a(vfprintf_flt.o)
 .text          0x000001d0        0x0 ./src/STDIO_UART.o
 .text          0x000001d0        0x0 ./src/mainRX.o
 .text          0x000001d0        0x0 ./src/myLCD.o
 .text          0x000001d0        0x0 ./src/nrf24l01.o
 .text          0x000001d0        0x0 ./src/spi.o
 .text          0x000001d0        0x0 c:/avr8-gnu-toolchain-win32_x86/bin/../lib/gcc/avr/5.4.0/avr51\libgcc.a(_exit.o)
 .text          0x000001d0        0x0 c:/avr8-gnu-toolchain-win32_x86/bin/../lib/gcc/avr/5.4.0/avr51\libgcc.a(_copy_data.o)
 .text          0x000001d0        0x0 c:/avr8-gnu-toolchain-win32_x86/bin/../lib/gcc/avr/5.4.0/avr51\libgcc.a(_clear_bss.o)
 .text          0x000001d0        0x0 c:/avr8-gnu-toolchain-win32_x86/bin/../lib/gcc/avr/5.4.0/../../../../avr/lib/avr51\libc.a(ftoa_engine.o)
 .text          0x000001d0        0x0 c:/avr8-gnu-toolchain-win32_x86/bin/../lib/gcc/avr/5.4.0/../../../../avr/lib/avr51\libc.a(strnlen_P.o)
 .text          0x000001d0        0x0 c:/avr8-gnu-toolchain-win32_x86/bin/../lib/gcc/avr/5.4.0/../../../../avr/lib/avr51\libc.a(strcpy.o)
 .text          0x000001d0        0x0 c:/avr8-gnu-toolchain-win32_x86/bin/../lib/gcc/avr/5.4.0/../../../../avr/lib/avr51\libc.a(strnlen.o)
 .text          0x000001d0        0x0 c:/avr8-gnu-toolchain-win32_x86/bin/../lib/gcc/avr/5.4.0/../../../../avr/lib/avr51\libc.a(fputc.o)
 .text          0x000001d0        0x0 c:/avr8-gnu-toolchain-win32_x86/bin/../lib/gcc/avr/5.4.0/../../../../avr/lib/avr51\libc.a(iob.o)
 .text          0x000001d0        0x0 c:/avr8-gnu-toolchain-win32_x86/bin/../lib/gcc/avr/5.4.0/../../../../avr/lib/avr51\libc.a(printf.o)
 .text          0x000001d0        0x0 c:/avr8-gnu-toolchain-win32_x86/bin/../lib/gcc/avr/5.4.0/../../../../avr/lib/avr51\libc.a(puts.o)
 .text          0x000001d0        0x0 c:/avr8-gnu-toolchain-win32_x86/bin/../lib/gcc/avr/5.4.0/../../../../avr/lib/avr51\libc.a(vsnprintf.o)
 .text          0x000001d0        0x0 c:/avr8-gnu-toolchain-win32_x86/bin/../lib/gcc/avr/5.4.0/../../../../avr/lib/avr51\libc.a(ultoa_invert.o)
                0x000001d0                . = ALIGN (0x2)
 *(.text.*)
 .text.avr-libc
                0x000001d0      0x74c c:/avr8-gnu-toolchain-win32_x86/bin/../lib/gcc/avr/5.4.0/../../../../avr/lib/avr51\libprintf_flt.a(vfprintf_flt.o)
                0x000001d0                vfprintf
 .text.uart_putchar
                0x0000091c       0x1c ./src/STDIO_UART.o
                0x0000091c                uart_putchar
 .text.uart_getchar
                0x00000938        0xa ./src/STDIO_UART.o
                0x00000938                uart_getchar
 .text.uart_init
                0x00000942       0x22 ./src/STDIO_UART.o
                0x00000942                uart_init
 .text.__vector_1
                0x00000964       0x2a ./src/mainRX.o
                0x00000964                __vector_1
 .text.init_IO  0x0000098e        0x4 ./src/mainRX.o
                0x0000098e                init_IO
 .text.print_config
                0x00000992      0x144 ./src/mainRX.o
                0x00000992                print_config
 .text.startup.main
                0x00000ad6       0x66 ./src/mainRX.o
                0x00000ad6                main
 .text.Read2Nib
                0x00000b3c       0x28 ./src/myLCD.o
                0x00000b3c                Read2Nib
 .text.Write2Nib
                0x00000b64       0x22 ./src/myLCD.o
                0x00000b64                Write2Nib
 .text.Write8Bit
                0x00000b86        0x8 ./src/myLCD.o
                0x00000b86                Write8Bit
 .text.wait_LCD
                0x00000b8e       0x28 ./src/myLCD.o
                0x00000b8e                wait_LCD
 .text.init_LCD
                0x00000bb6       0x38 ./src/myLCD.o
                0x00000bb6                init_LCD
 .text.home_LCD
                0x00000bee        0xc ./src/myLCD.o
                0x00000bee                home_LCD
 .text.move_LCD
                0x00000bfa       0x16 ./src/myLCD.o
                0x00000bfa                move_LCD
 .text.clr_LCD  0x00000c10        0xc ./src/myLCD.o
                0x00000c10                clr_LCD
 .text.putChar_LCD
                0x00000c1c        0xa ./src/myLCD.o
                0x00000c1c                putChar_LCD
 .text.putStr_LCD
                0x00000c26       0x26 ./src/myLCD.o
                0x00000c26                putStr_LCD
 .text.printf_LCD
                0x00000c4c       0x30 ./src/myLCD.o
                0x00000c4c                printf_LCD
 .text.nrf24_send_spi
                0x00000c7c       0x48 ./src/nrf24l01.o
                0x00000c7c                nrf24_send_spi
 .text.nrf24_write
                0x00000cc4        0x6 ./src/nrf24l01.o
                0x00000cc4                nrf24_write
 .text.nrf24_read
                0x00000cca        0x4 ./src/nrf24l01.o
                0x00000cca                nrf24_read
 .text.nrf24_init
                0x00000cce      0x15a ./src/nrf24l01.o
                0x00000cce                nrf24_init
 .text.nrf24_write_ack
                0x00000e28       0x12 ./src/nrf24l01.o
                0x00000e28                nrf24_write_ack
 .text.nrf24_state
                0x00000e3a       0xd8 ./src/nrf24l01.o
                0x00000e3a                nrf24_state
 .text.nrf24_start_listening
                0x00000f12       0x14 ./src/nrf24l01.o
                0x00000f12                nrf24_start_listening
 .text.nrf24_send_message
                0x00000f26      0x150 ./src/nrf24l01.o
                0x00000f26                nrf24_send_message
 .text.nrf24_available
                0x00001076       0x2a ./src/nrf24l01.o
                0x00001076                nrf24_available
 .text.nrf24_read_message
                0x000010a0       0x70 ./src/nrf24l01.o
                0x000010a0                nrf24_read_message
 .text.spi_master_init
                0x00001110       0x10 ./src/spi.o
                0x00001110                spi_master_init
 .text.spi_bulk_send
                0x00001120       0x14 ./src/spi.o
                0x00001120                spi_bulk_send
 .text.spi_send
                0x00001134        0x8 ./src/spi.o
                0x00001134                spi_send
 .text.spi_bulk_exchange
                0x0000113c       0x1a ./src/spi.o
                0x0000113c                spi_bulk_exchange
 .text.spi_exchange
                0x00001156        0xa ./src/spi.o
                0x00001156                spi_exchange
 .text.libgcc.mul
                0x00001160        0x0 c:/avr8-gnu-toolchain-win32_x86/bin/../lib/gcc/avr/5.4.0/avr51\libgcc.a(_exit.o)
 .text.libgcc.div
                0x00001160        0x0 c:/avr8-gnu-toolchain-win32_x86/bin/../lib/gcc/avr/5.4.0/avr51\libgcc.a(_exit.o)
 .text.libgcc   0x00001160        0x0 c:/avr8-gnu-toolchain-win32_x86/bin/../lib/gcc/avr/5.4.0/avr51\libgcc.a(_exit.o)
 .text.libgcc.prologue
                0x00001160        0x0 c:/avr8-gnu-toolchain-win32_x86/bin/../lib/gcc/avr/5.4.0/avr51\libgcc.a(_exit.o)
 .text.libgcc.builtins
                0x00001160        0x0 c:/avr8-gnu-toolchain-win32_x86/bin/../lib/gcc/avr/5.4.0/avr51\libgcc.a(_exit.o)
 .text.libgcc.fmul
                0x00001160        0x0 c:/avr8-gnu-toolchain-win32_x86/bin/../lib/gcc/avr/5.4.0/avr51\libgcc.a(_exit.o)
 .text.libgcc.fixed
                0x00001160        0x0 c:/avr8-gnu-toolchain-win32_x86/bin/../lib/gcc/avr/5.4.0/avr51\libgcc.a(_exit.o)
 .text.libgcc.mul
                0x00001160        0x0 c:/avr8-gnu-toolchain-win32_x86/bin/../lib/gcc/avr/5.4.0/avr51\libgcc.a(_copy_data.o)
 .text.libgcc.div
                0x00001160        0x0 c:/avr8-gnu-toolchain-win32_x86/bin/../lib/gcc/avr/5.4.0/avr51\libgcc.a(_copy_data.o)
 .text.libgcc   0x00001160        0x0 c:/avr8-gnu-toolchain-win32_x86/bin/../lib/gcc/avr/5.4.0/avr51\libgcc.a(_copy_data.o)
 .text.libgcc.prologue
                0x00001160        0x0 c:/avr8-gnu-toolchain-win32_x86/bin/../lib/gcc/avr/5.4.0/avr51\libgcc.a(_copy_data.o)
 .text.libgcc.builtins
                0x00001160        0x0 c:/avr8-gnu-toolchain-win32_x86/bin/../lib/gcc/avr/5.4.0/avr51\libgcc.a(_copy_data.o)
 .text.libgcc.fmul
                0x00001160        0x0 c:/avr8-gnu-toolchain-win32_x86/bin/../lib/gcc/avr/5.4.0/avr51\libgcc.a(_copy_data.o)
 .text.libgcc.fixed
                0x00001160        0x0 c:/avr8-gnu-toolchain-win32_x86/bin/../lib/gcc/avr/5.4.0/avr51\libgcc.a(_copy_data.o)
 .text.libgcc.mul
                0x00001160        0x0 c:/avr8-gnu-toolchain-win32_x86/bin/../lib/gcc/avr/5.4.0/avr51\libgcc.a(_clear_bss.o)
 .text.libgcc.div
                0x00001160        0x0 c:/avr8-gnu-toolchain-win32_x86/bin/../lib/gcc/avr/5.4.0/avr51\libgcc.a(_clear_bss.o)
 .text.libgcc   0x00001160        0x0 c:/avr8-gnu-toolchain-win32_x86/bin/../lib/gcc/avr/5.4.0/avr51\libgcc.a(_clear_bss.o)
 .text.libgcc.prologue
                0x00001160        0x0 c:/avr8-gnu-toolchain-win32_x86/bin/../lib/gcc/avr/5.4.0/avr51\libgcc.a(_clear_bss.o)
 .text.libgcc.builtins
                0x00001160        0x0 c:/avr8-gnu-toolchain-win32_x86/bin/../lib/gcc/avr/5.4.0/avr51\libgcc.a(_clear_bss.o)
 .text.libgcc.fmul
                0x00001160        0x0 c:/avr8-gnu-toolchain-win32_x86/bin/../lib/gcc/avr/5.4.0/avr51\libgcc.a(_clear_bss.o)
 .text.libgcc.fixed
                0x00001160        0x0 c:/avr8-gnu-toolchain-win32_x86/bin/../lib/gcc/avr/5.4.0/avr51\libgcc.a(_clear_bss.o)
 .text.avr-libc
                0x00001160      0x1b0 c:/avr8-gnu-toolchain-win32_x86/bin/../lib/gcc/avr/5.4.0/../../../../avr/lib/avr51\libc.a(ftoa_engine.o)
                0x00001160                __ftoa_engine
 .text.avr-libc
                0x00001310       0x16 c:/avr8-gnu-toolchain-win32_x86/bin/../lib/gcc/avr/5.4.0/../../../../avr/lib/avr51\libc.a(strnlen_P.o)
                0x00001310                strnlen_P
 .text.avr-libc
                0x00001326        0xe c:/avr8-gnu-toolchain-win32_x86/bin/../lib/gcc/avr/5.4.0/../../../../avr/lib/avr51\libc.a(strcpy.o)
                0x00001326                strcpy
 .text.avr-libc
                0x00001334       0x16 c:/avr8-gnu-toolchain-win32_x86/bin/../lib/gcc/avr/5.4.0/../../../../avr/lib/avr51\libc.a(strnlen.o)
                0x00001334                strnlen
 .text.avr-libc
                0x0000134a       0x78 c:/avr8-gnu-toolchain-win32_x86/bin/../lib/gcc/avr/5.4.0/../../../../avr/lib/avr51\libc.a(fputc.o)
                0x0000134a                fputc
 .text.avr-libc
                0x000013c2       0x28 c:/avr8-gnu-toolchain-win32_x86/bin/../lib/gcc/avr/5.4.0/../../../../avr/lib/avr51\libc.a(printf.o)
                0x000013c2                printf
 .text.avr-libc
                0x000013ea       0x60 c:/avr8-gnu-toolchain-win32_x86/bin/../lib/gcc/avr/5.4.0/../../../../avr/lib/avr51\libc.a(puts.o)
                0x000013ea                puts
 .text.avr-libc
                0x0000144a       0x72 c:/avr8-gnu-toolchain-win32_x86/bin/../lib/gcc/avr/5.4.0/../../../../avr/lib/avr51\libc.a(vsnprintf.o)
                0x0000144a                vsnprintf
 .text.avr-libc
                0x000014bc       0xbc c:/avr8-gnu-toolchain-win32_x86/bin/../lib/gcc/avr/5.4.0/../../../../avr/lib/avr51\libc.a(ultoa_invert.o)
                0x000014bc                __ultoa_invert
                0x00001578                . = ALIGN (0x2)
 *(.fini9)
 .fini9         0x00001578        0x0 c:/avr8-gnu-toolchain-win32_x86/bin/../lib/gcc/avr/5.4.0/avr51\libgcc.a(_exit.o)
                0x00001578                _exit
                0x00001578                exit
 *(.fini9)
 *(.fini8)
 *(.fini8)
 *(.fini7)
 *(.fini7)
 *(.fini6)
 *(.fini6)
 *(.fini5)
 *(.fini5)
 *(.fini4)
 *(.fini4)
 *(.fini3)
 *(.fini3)
 *(.fini2)
 *(.fini2)
 *(.fini1)
 *(.fini1)
 *(.fini0)
 .fini0         0x00001578        0x4 c:/avr8-gnu-toolchain-win32_x86/bin/../lib/gcc/avr/5.4.0/avr51\libgcc.a(_exit.o)
 *(.fini0)
                0x0000157c                _etext = .

.data           0x00800100      0x168 load address 0x0000157c
                0x00800100                PROVIDE (__data_start, .)
 *(.data)
 .data          0x00800100        0x0 c:/avr8-gnu-toolchain-win32_x86/bin/../lib/gcc/avr/5.4.0/../../../../avr/lib/avr51/crtatmega128.o
 .data          0x00800100        0x0 c:/avr8-gnu-toolchain-win32_x86/bin/../lib/gcc/avr/5.4.0/../../../../avr/lib/avr51\libprintf_flt.a(vfprintf_flt.o)
 .data          0x00800100        0x0 ./src/STDIO_UART.o
 .data          0x00800100        0x0 ./src/mainRX.o
 .data          0x00800100        0x0 ./src/myLCD.o
 .data          0x00800100        0x0 ./src/nrf24l01.o
 .data          0x00800100        0x0 ./src/spi.o
 .data          0x00800100        0x0 c:/avr8-gnu-toolchain-win32_x86/bin/../lib/gcc/avr/5.4.0/avr51\libgcc.a(_exit.o)
 .data          0x00800100        0x0 c:/avr8-gnu-toolchain-win32_x86/bin/../lib/gcc/avr/5.4.0/avr51\libgcc.a(_copy_data.o)
 .data          0x00800100        0x0 c:/avr8-gnu-toolchain-win32_x86/bin/../lib/gcc/avr/5.4.0/avr51\libgcc.a(_clear_bss.o)
 .data          0x00800100        0x0 c:/avr8-gnu-toolchain-win32_x86/bin/../lib/gcc/avr/5.4.0/../../../../avr/lib/avr51\libc.a(ftoa_engine.o)
 .data          0x00800100        0x0 c:/avr8-gnu-toolchain-win32_x86/bin/../lib/gcc/avr/5.4.0/../../../../avr/lib/avr51\libc.a(strnlen_P.o)
 .data          0x00800100        0x0 c:/avr8-gnu-toolchain-win32_x86/bin/../lib/gcc/avr/5.4.0/../../../../avr/lib/avr51\libc.a(strcpy.o)
 .data          0x00800100        0x0 c:/avr8-gnu-toolchain-win32_x86/bin/../lib/gcc/avr/5.4.0/../../../../avr/lib/avr51\libc.a(strnlen.o)
 .data          0x00800100        0x0 c:/avr8-gnu-toolchain-win32_x86/bin/../lib/gcc/avr/5.4.0/../../../../avr/lib/avr51\libc.a(fputc.o)
 .data          0x00800100        0x0 c:/avr8-gnu-toolchain-win32_x86/bin/../lib/gcc/avr/5.4.0/../../../../avr/lib/avr51\libc.a(iob.o)
 .data          0x00800100        0x0 c:/avr8-gnu-toolchain-win32_x86/bin/../lib/gcc/avr/5.4.0/../../../../avr/lib/avr51\libc.a(printf.o)
 .data          0x00800100        0x0 c:/avr8-gnu-toolchain-win32_x86/bin/../lib/gcc/avr/5.4.0/../../../../avr/lib/avr51\libc.a(puts.o)
 .data          0x00800100        0x0 c:/avr8-gnu-toolchain-win32_x86/bin/../lib/gcc/avr/5.4.0/../../../../avr/lib/avr51\libc.a(vsnprintf.o)
 .data          0x00800100        0x0 c:/avr8-gnu-toolchain-win32_x86/bin/../lib/gcc/avr/5.4.0/../../../../avr/lib/avr51\libc.a(ultoa_invert.o)
 *(.data*)
 .data.mystdin  0x00800100        0xe ./src/STDIO_UART.o
 .data.mystdout
                0x0080010e        0xe ./src/STDIO_UART.o
 .data.tx_address
                0x0080011c        0x5 ./src/nrf24l01.o
                0x0080011c                tx_address
 .data.rx_address
                0x00800121        0x5 ./src/nrf24l01.o
                0x00800121                rx_address
 *(.gnu.linkonce.d*)
 *(.rodata)
 *(.rodata*)
 .rodata.str1.1
                0x00800126      0x129 ./src/mainRX.o
                                0x13a (size before relaxing)
 .rodata.str1.1
                0x0080024f       0x19 ./src/nrf24l01.o
 *(.gnu.linkonce.r*)
                0x00800268                . = ALIGN (0x2)
                0x00800268                _edata = .
                0x00800268                PROVIDE (__data_end, .)

.bss            0x00800268       0x3a
                0x00800268                PROVIDE (__bss_start, .)
 *(.bss)
 .bss           0x00800268        0x0 c:/avr8-gnu-toolchain-win32_x86/bin/../lib/gcc/avr/5.4.0/../../../../avr/lib/avr51/crtatmega128.o
 .bss           0x00800268        0x0 c:/avr8-gnu-toolchain-win32_x86/bin/../lib/gcc/avr/5.4.0/../../../../avr/lib/avr51\libprintf_flt.a(vfprintf_flt.o)
 .bss           0x00800268        0x0 ./src/STDIO_UART.o
 .bss           0x00800268        0x0 ./src/mainRX.o
 .bss           0x00800268        0x0 ./src/myLCD.o
 .bss           0x00800268        0x0 ./src/nrf24l01.o
 .bss           0x00800268        0x0 ./src/spi.o
 .bss           0x00800268        0x0 c:/avr8-gnu-toolchain-win32_x86/bin/../lib/gcc/avr/5.4.0/avr51\libgcc.a(_exit.o)
 .bss           0x00800268        0x0 c:/avr8-gnu-toolchain-win32_x86/bin/../lib/gcc/avr/5.4.0/avr51\libgcc.a(_copy_data.o)
 .bss           0x00800268        0x0 c:/avr8-gnu-toolchain-win32_x86/bin/../lib/gcc/avr/5.4.0/avr51\libgcc.a(_clear_bss.o)
 .bss           0x00800268        0x0 c:/avr8-gnu-toolchain-win32_x86/bin/../lib/gcc/avr/5.4.0/../../../../avr/lib/avr51\libc.a(ftoa_engine.o)
 .bss           0x00800268        0x0 c:/avr8-gnu-toolchain-win32_x86/bin/../lib/gcc/avr/5.4.0/../../../../avr/lib/avr51\libc.a(strnlen_P.o)
 .bss           0x00800268        0x0 c:/avr8-gnu-toolchain-win32_x86/bin/../lib/gcc/avr/5.4.0/../../../../avr/lib/avr51\libc.a(strcpy.o)
 .bss           0x00800268        0x0 c:/avr8-gnu-toolchain-win32_x86/bin/../lib/gcc/avr/5.4.0/../../../../avr/lib/avr51\libc.a(strnlen.o)
 .bss           0x00800268        0x0 c:/avr8-gnu-toolchain-win32_x86/bin/../lib/gcc/avr/5.4.0/../../../../avr/lib/avr51\libc.a(fputc.o)
 .bss           0x00800268        0x0 c:/avr8-gnu-toolchain-win32_x86/bin/../lib/gcc/avr/5.4.0/../../../../avr/lib/avr51\libc.a(iob.o)
 .bss           0x00800268        0x0 c:/avr8-gnu-toolchain-win32_x86/bin/../lib/gcc/avr/5.4.0/../../../../avr/lib/avr51\libc.a(printf.o)
 .bss           0x00800268        0x0 c:/avr8-gnu-toolchain-win32_x86/bin/../lib/gcc/avr/5.4.0/../../../../avr/lib/avr51\libc.a(puts.o)
 .bss           0x00800268        0x0 c:/avr8-gnu-toolchain-win32_x86/bin/../lib/gcc/avr/5.4.0/../../../../avr/lib/avr51\libc.a(vsnprintf.o)
 .bss           0x00800268        0x0 c:/avr8-gnu-toolchain-win32_x86/bin/../lib/gcc/avr/5.4.0/../../../../avr/lib/avr51\libc.a(ultoa_invert.o)
 *(.bss*)
 .bss.status    0x00800268        0x1 ./src/mainRX.o
                0x00800268                status
 .bss.message_received
                0x00800269        0x1 ./src/mainRX.o
                0x00800269                message_received
 .bss.lcd_buffer.1874
                0x0080026a       0x11 ./src/myLCD.o
 .bss.rx_message.2167
                0x0080027b       0x20 ./src/nrf24l01.o
 *(COMMON)
 COMMON         0x0080029b        0x1 ./src/nrf24l01.o
                0x0080029b                data
 COMMON         0x0080029c        0x6 c:/avr8-gnu-toolchain-win32_x86/bin/../lib/gcc/avr/5.4.0/../../../../avr/lib/avr51\libc.a(iob.o)
                0x0080029c                __iob
                0x008002a2                PROVIDE (__bss_end, .)
                0x0000157c                __data_load_start = LOADADDR (.data)
                0x000016e4                __data_load_end = (__data_load_start + SIZEOF (.data))

.noinit         0x008002a2        0x0
                [!provide]                PROVIDE (__noinit_start, .)
 *(.noinit*)
                [!provide]                PROVIDE (__noinit_end, .)
                0x008002a2                _end = .
                [!provide]                PROVIDE (__heap_start, .)

.eeprom         0x00810000        0x0
 *(.eeprom*)
                0x00810000                __eeprom_end = .

.fuse
 *(.fuse)
 *(.lfuse)
 *(.hfuse)
 *(.efuse)

.lock
 *(.lock*)

.signature
 *(.signature*)

.user_signatures
 *(.user_signatures*)

.stab
 *(.stab)

.stabstr
 *(.stabstr)

.stab.excl
 *(.stab.excl)

.stab.exclstr
 *(.stab.exclstr)

.stab.index
 *(.stab.index)

.stab.indexstr
 *(.stab.indexstr)

.comment        0x00000000       0x5c
 *(.comment)
 .comment       0x00000000       0x2c c:/avr8-gnu-toolchain-win32_x86/bin/../lib/gcc/avr/5.4.0/../../../../avr/lib/avr51\libprintf_flt.a(vfprintf_flt.o)
                                 0x2d (size before relaxing)
 .comment       0x0000002c       0x30 ./src/STDIO_UART.o
                                 0x31 (size before relaxing)
 .comment       0x0000005c       0x31 ./src/mainRX.o
 .comment       0x0000005c       0x31 ./src/myLCD.o
 .comment       0x0000005c       0x31 ./src/nrf24l01.o
 .comment       0x0000005c       0x31 ./src/spi.o
 .comment       0x0000005c       0x31 c:/avr8-gnu-toolchain-win32_x86/bin/../lib/gcc/avr/5.4.0/../../../../avr/lib/avr51\libc.a(fputc.o)
 .comment       0x0000005c       0x31 c:/avr8-gnu-toolchain-win32_x86/bin/../lib/gcc/avr/5.4.0/../../../../avr/lib/avr51\libc.a(iob.o)
 .comment       0x0000005c       0x31 c:/avr8-gnu-toolchain-win32_x86/bin/../lib/gcc/avr/5.4.0/../../../../avr/lib/avr51\libc.a(printf.o)
 .comment       0x0000005c       0x31 c:/avr8-gnu-toolchain-win32_x86/bin/../lib/gcc/avr/5.4.0/../../../../avr/lib/avr51\libc.a(puts.o)
 .comment       0x0000005c       0x31 c:/avr8-gnu-toolchain-win32_x86/bin/../lib/gcc/avr/5.4.0/../../../../avr/lib/avr51\libc.a(vsnprintf.o)

.note.gnu.avr.deviceinfo
                0x00000000       0x3c
 .note.gnu.avr.deviceinfo
                0x00000000       0x3c c:/avr8-gnu-toolchain-win32_x86/bin/../lib/gcc/avr/5.4.0/../../../../avr/lib/avr51/crtatmega128.o

.note.gnu.build-id
 *(.note.gnu.build-id)

.debug
 *(.debug)

.line
 *(.line)

.debug_srcinfo
 *(.debug_srcinfo)

.debug_sfnames
 *(.debug_sfnames)

.debug_aranges
 *(.debug_aranges)

.debug_pubnames
 *(.debug_pubnames)

.debug_info     0x00000000      0x780
 *(.debug_info .gnu.linkonce.wi.*)
 .debug_info    0x00000000      0x780 c:/avr8-gnu-toolchain-win32_x86/bin/../lib/gcc/avr/5.4.0/../../../../avr/lib/avr51/crtatmega128.o

.debug_abbrev   0x00000000      0x718
 *(.debug_abbrev)
 .debug_abbrev  0x00000000      0x718 c:/avr8-gnu-toolchain-win32_x86/bin/../lib/gcc/avr/5.4.0/../../../../avr/lib/avr51/crtatmega128.o

.debug_line     0x00000000       0x1a
 *(.debug_line .debug_line.* .debug_line_end)
 .debug_line    0x00000000       0x1a c:/avr8-gnu-toolchain-win32_x86/bin/../lib/gcc/avr/5.4.0/../../../../avr/lib/avr51/crtatmega128.o

.debug_frame
 *(.debug_frame)

.debug_str      0x00000000      0x27d
 *(.debug_str)
 .debug_str     0x00000000      0x27d c:/avr8-gnu-toolchain-win32_x86/bin/../lib/gcc/avr/5.4.0/../../../../avr/lib/avr51/crtatmega128.o

.debug_loc
 *(.debug_loc)

.debug_macinfo
 *(.debug_macinfo)

.debug_weaknames
 *(.debug_weaknames)

.debug_funcnames
 *(.debug_funcnames)

.debug_typenames
 *(.debug_typenames)

.debug_varnames
 *(.debug_varnames)

.debug_pubtypes
 *(.debug_pubtypes)

.debug_ranges
 *(.debug_ranges)

.debug_macro
 *(.debug_macro)
OUTPUT(test1.elf elf32-avr)
LOAD linker stubs
